Archive member included to satisfy reference by file (symbol)

c:/program files (x86)/atmel/studio/7.0/toolchain/avr8/avr8-gnu-toolchain/bin/../lib/gcc/avr/5.4.0/../../../../avr/lib/avrxmega7\libm.a(addsf3.o)
                              Source/lib/frtcpp/time_stamp_to_float.o (__addsf3)
c:/program files (x86)/atmel/studio/7.0/toolchain/avr8/avr8-gnu-toolchain/bin/../lib/gcc/avr/5.4.0/../../../../avr/lib/avrxmega7\libm.a(addsf3x.o)
                              c:/program files (x86)/atmel/studio/7.0/toolchain/avr8/avr8-gnu-toolchain/bin/../lib/gcc/avr/5.4.0/../../../../avr/lib/avrxmega7\libm.a(addsf3.o) (__addsf3x)
c:/program files (x86)/atmel/studio/7.0/toolchain/avr8/avr8-gnu-toolchain/bin/../lib/gcc/avr/5.4.0/../../../../avr/lib/avrxmega7\libm.a(divsf3.o)
                              Source/lib/frtcpp/time_stamp_to_float.o (__divsf3)
c:/program files (x86)/atmel/studio/7.0/toolchain/avr8/avr8-gnu-toolchain/bin/../lib/gcc/avr/5.4.0/../../../../avr/lib/avrxmega7\libm.a(divsf3x.o)
                              c:/program files (x86)/atmel/studio/7.0/toolchain/avr8/avr8-gnu-toolchain/bin/../lib/gcc/avr/5.4.0/../../../../avr/lib/avrxmega7\libm.a(divsf3.o) (__divsf3x)
c:/program files (x86)/atmel/studio/7.0/toolchain/avr8/avr8-gnu-toolchain/bin/../lib/gcc/avr/5.4.0/../../../../avr/lib/avrxmega7\libm.a(floatsisf.o)
                              Source/lib/frtcpp/time_stamp_to_float.o (__floatunsisf)
c:/program files (x86)/atmel/studio/7.0/toolchain/avr8/avr8-gnu-toolchain/bin/../lib/gcc/avr/5.4.0/../../../../avr/lib/avrxmega7\libm.a(fp_inf.o)
                              c:/program files (x86)/atmel/studio/7.0/toolchain/avr8/avr8-gnu-toolchain/bin/../lib/gcc/avr/5.4.0/../../../../avr/lib/avrxmega7\libm.a(addsf3x.o) (__fp_inf)
c:/program files (x86)/atmel/studio/7.0/toolchain/avr8/avr8-gnu-toolchain/bin/../lib/gcc/avr/5.4.0/../../../../avr/lib/avrxmega7\libm.a(fp_nan.o)
                              c:/program files (x86)/atmel/studio/7.0/toolchain/avr8/avr8-gnu-toolchain/bin/../lib/gcc/avr/5.4.0/../../../../avr/lib/avrxmega7\libm.a(addsf3x.o) (__fp_nan)
c:/program files (x86)/atmel/studio/7.0/toolchain/avr8/avr8-gnu-toolchain/bin/../lib/gcc/avr/5.4.0/../../../../avr/lib/avrxmega7\libm.a(fp_pscA.o)
                              c:/program files (x86)/atmel/studio/7.0/toolchain/avr8/avr8-gnu-toolchain/bin/../lib/gcc/avr/5.4.0/../../../../avr/lib/avrxmega7\libm.a(addsf3x.o) (__fp_pscA)
c:/program files (x86)/atmel/studio/7.0/toolchain/avr8/avr8-gnu-toolchain/bin/../lib/gcc/avr/5.4.0/../../../../avr/lib/avrxmega7\libm.a(fp_pscB.o)
                              c:/program files (x86)/atmel/studio/7.0/toolchain/avr8/avr8-gnu-toolchain/bin/../lib/gcc/avr/5.4.0/../../../../avr/lib/avrxmega7\libm.a(addsf3x.o) (__fp_pscB)
c:/program files (x86)/atmel/studio/7.0/toolchain/avr8/avr8-gnu-toolchain/bin/../lib/gcc/avr/5.4.0/../../../../avr/lib/avrxmega7\libm.a(fp_round.o)
                              c:/program files (x86)/atmel/studio/7.0/toolchain/avr8/avr8-gnu-toolchain/bin/../lib/gcc/avr/5.4.0/../../../../avr/lib/avrxmega7\libm.a(addsf3.o) (__fp_round)
c:/program files (x86)/atmel/studio/7.0/toolchain/avr8/avr8-gnu-toolchain/bin/../lib/gcc/avr/5.4.0/../../../../avr/lib/avrxmega7\libm.a(fp_split3.o)
                              c:/program files (x86)/atmel/studio/7.0/toolchain/avr8/avr8-gnu-toolchain/bin/../lib/gcc/avr/5.4.0/../../../../avr/lib/avrxmega7\libm.a(addsf3x.o) (__fp_split3)
c:/program files (x86)/atmel/studio/7.0/toolchain/avr8/avr8-gnu-toolchain/bin/../lib/gcc/avr/5.4.0/../../../../avr/lib/avrxmega7\libm.a(fp_zero.o)
                              c:/program files (x86)/atmel/studio/7.0/toolchain/avr8/avr8-gnu-toolchain/bin/../lib/gcc/avr/5.4.0/../../../../avr/lib/avrxmega7\libm.a(addsf3x.o) (__fp_zero)
c:/program files (x86)/atmel/studio/7.0/toolchain/avr8/avr8-gnu-toolchain/bin/../lib/gcc/avr/5.4.0/avrxmega7\libgcc.a(_mulsi3.o)
                              Source/lib/frtcpp/time_stamp_get_us.o (__mulsi3)
c:/program files (x86)/atmel/studio/7.0/toolchain/avr8/avr8-gnu-toolchain/bin/../lib/gcc/avr/5.4.0/avrxmega7\libgcc.a(_udivmodsi4.o)
                              Source/I2CMaster.o (__udivmodsi4)
c:/program files (x86)/atmel/studio/7.0/toolchain/avr8/avr8-gnu-toolchain/bin/../lib/gcc/avr/5.4.0/avrxmega7\libgcc.a(_divmodsi4.o)
                              Source/lib/frtcpp/time_stamp_lshift.o (__divmodsi4)
c:/program files (x86)/atmel/studio/7.0/toolchain/avr8/avr8-gnu-toolchain/bin/../lib/gcc/avr/5.4.0/avrxmega7\libgcc.a(_negsi2.o)
                              c:/program files (x86)/atmel/studio/7.0/toolchain/avr8/avr8-gnu-toolchain/bin/../lib/gcc/avr/5.4.0/avrxmega7\libgcc.a(_divmodsi4.o) (__negsi2)
c:/program files (x86)/atmel/studio/7.0/toolchain/avr8/avr8-gnu-toolchain/bin/../lib/gcc/avr/5.4.0/avrxmega7\libgcc.a(_exit.o)
                              C:/Program Files (x86)/Atmel/Studio/7.0/Packs/atmel/XMEGAA_DFP/1.1.68/gcc/dev/atxmega128a4u/avrxmega7/crtatxmega128a4u.o (exit)
[...]
Memory Configuration

Name             Origin             Length             Attributes
text             0x00000000         0x00100000         xr
data             0x00802000         0x0000ffa0         rw !x
eeprom           0x00810000         0x00010000         rw !x
fuse             0x00820000         0x00000006         rw !x
lock             0x00830000         0x00000400         rw !x
signature        0x00840000         0x00000400         rw !x
user_signatures  0x00850000         0x00000400         rw !x
*default*        0x00000000         0xffffffff

Linker script and memory map

LOAD C:/Program Files (x86)/Atmel/Studio/7.0/Packs/atmel/XMEGAA_DFP/1.1.68/gcc/dev/atxmega128a4u/avrxmega7/crtatxmega128a4u.o
LOAD Source/I2CAgent.o
LOAD Source/I2CMaster.o
LOAD Source/lib/freertos/croutine.o
LOAD Source/MB1202.o
LOAD Source/MMA8451.o
LOAD Source/Packet.o
LOAD Source/task_sensor.o
LOAD Source/task_sonar.o
LOAD Source/task_user.o
LOAD Source/lib/freertos/heap_2.o
LOAD Source/lib/freertos/list.o
LOAD Source/lib/freertos/port.o
LOAD Source/lib/freertos/queue.o
LOAD Source/lib/freertos/tasks.o
LOAD Source/lib/frtcpp/base_data_receiver.o
LOAD Source/lib/frtcpp/frt_task.o
LOAD Source/lib/frtcpp/frt_task_stackprt.o
LOAD Source/lib/frtcpp/frt_task_status.o
LOAD Source/lib/frtcpp/frt_text_queue.o
LOAD Source/lib/frtcpp/func_get_run_time_counter.o
LOAD Source/lib/frtcpp/time_stamp_equal.o
LOAD Source/lib/frtcpp/time_stamp_get_us.o
LOAD Source/lib/frtcpp/time_stamp_greater.o
LOAD Source/lib/frtcpp/time_stamp_greater_eq.o
LOAD Source/lib/frtcpp/time_stamp_less.o
LOAD Source/lib/frtcpp/time_stamp_less_eq.o
LOAD Source/lib/frtcpp/time_stamp_lshift.o
LOAD Source/lib/frtcpp/time_stamp_minus.o
LOAD Source/lib/frtcpp/time_stamp_minus_eq.o
LOAD Source/lib/frtcpp/time_stamp_not_equal.o
LOAD Source/lib/frtcpp/time_stamp_plus.o
LOAD Source/lib/frtcpp/time_stamp_plus_eq.o
LOAD Source/lib/frtcpp/time_stamp_tick_res_time.o
LOAD Source/lib/frtcpp/time_stamp_to_float.o
LOAD Source/lib/frtcpp/time_stamp_to_now.o
LOAD Source/lib/frtcpp/time_stamp_to_now_ISR.o
LOAD Source/lib/misc/hex_dump_memory.o
LOAD Source/lib/misc/mechutil.o
LOAD Source/lib/serial/base232.o
LOAD Source/lib/serial/emstream.o
LOAD Source/lib/serial/emstream_bool.o
LOAD Source/lib/serial/emstream_float.o
LOAD Source/lib/serial/emstream_hex_receive.o
LOAD Source/lib/serial/emstream_hex_send.o
LOAD Source/lib/serial/emstream_int16_t.o
LOAD Source/lib/serial/emstream_int32_t.o
LOAD Source/lib/serial/emstream_int8_t.o
LOAD Source/lib/serial/emstream_pointer.o
LOAD Source/lib/serial/emstream_uint16_t.o
LOAD Source/lib/serial/emstream_uint32_t.o
LOAD Source/lib/serial/emstream_uint64_t.o
LOAD Source/lib/serial/emstream_uint8_t.o
LOAD Source/lib/serial/rs232int.o
LOAD Source/main.o
START GROUP
LOAD c:/program files (x86)/atmel/studio/7.0/toolchain/avr8/avr8-gnu-toolchain/bin/../lib/gcc/avr/5.4.0/../../../../avr/lib/avrxmega7\libm.a
END GROUP
LOAD c:/program files (x86)/atmel/studio/7.0/toolchain/avr8/avr8-gnu-toolchain/bin/../lib/gcc/avr/5.4.0/avrxmega7\libgcc.a
LOAD c:/program files (x86)/atmel/studio/7.0/toolchain/avr8/avr8-gnu-toolchain/bin/../lib/gcc/avr/5.4.0/../../../../avr/lib/avrxmega7\libm.a
START GROUP
LOAD c:/program files (x86)/atmel/studio/7.0/toolchain/avr8/avr8-gnu-toolchain/bin/../lib/gcc/avr/5.4.0/avrxmega7\libgcc.a
LOAD c:/program files (x86)/atmel/studio/7.0/toolchain/avr8/avr8-gnu-toolchain/bin/../lib/gcc/avr/5.4.0/../../../../avr/lib/avrxmega7\libm.a
LOAD c:/program files (x86)/atmel/studio/7.0/toolchain/avr8/avr8-gnu-toolchain/bin/../lib/gcc/avr/5.4.0/../../../../avr/lib/avrxmega7\libc.a
LOAD C:/Program Files (x86)/Atmel/Studio/7.0/Packs/atmel/XMEGAA_DFP/1.1.68/gcc/dev/atxmega128a4u/avrxmega7\libatxmega128a4u.a
END GROUP
                0x00100000                __TEXT_REGION_LENGTH__ = DEFINED (__TEXT_REGION_LENGTH__)?__TEXT_REGION_LENGTH__:0x100000
                0x0000ffa0                __DATA_REGION_LENGTH__ = DEFINED (__DATA_REGION_LENGTH__)?__DATA_REGION_LENGTH__:0xffa0
                0x00010000                __EEPROM_REGION_LENGTH__ = DEFINED (__EEPROM_REGION_LENGTH__)?__EEPROM_REGION_LENGTH__:0x10000
                [0x00000006]                __FUSE_REGION_LENGTH__ = DEFINED (__FUSE_REGION_LENGTH__)?__FUSE_REGION_LENGTH__:0x400
                0x00000400                __LOCK_REGION_LENGTH__ = DEFINED (__LOCK_REGION_LENGTH__)?__LOCK_REGION_LENGTH__:0x400
                0x00000400                __SIGNATURE_REGION_LENGTH__ = DEFINED (__SIGNATURE_REGION_LENGTH__)?__SIGNATURE_REGION_LENGTH__:0x400
                0x00000400                __USER_SIGNATURE_REGION_LENGTH__ = DEFINED (__USER_SIGNATURE_REGION_LENGTH__)?__USER_SIGNATURE_REGION_LENGTH__:0x400

.hash
 *(.hash)

.dynsym
 *(.dynsym)

.dynstr
 *(.dynstr)

.gnu.version
 *(.gnu.version)

.gnu.version_d
 *(.gnu.version_d)

.gnu.version_r
 *(.gnu.version_r)

.rel.init
 *(.rel.init)

.rela.init
 *(.rela.init)

.rel.text
 *(.rel.text)
 *(.rel.text.*)
 *(.rel.gnu.linkonce.t*)

.rela.text
 *(.rela.text)
 *(.rela.text.*)
 *(.rela.gnu.linkonce.t*)

.rel.fini
 *(.rel.fini)

.rela.fini
 *(.rela.fini)

.rel.rodata
 *(.rel.rodata)
 *(.rel.rodata.*)
 *(.rel.gnu.linkonce.r*)

.rela.rodata
 *(.rela.rodata)
 *(.rela.rodata.*)
 *(.rela.gnu.linkonce.r*)

.rel.data
 *(.rel.data)
 *(.rel.data.*)
 *(.rel.gnu.linkonce.d*)

.rela.data
 *(.rela.data)
 *(.rela.data.*)
 *(.rela.gnu.linkonce.d*)

.rel.ctors
 *(.rel.ctors)

.rela.ctors
 *(.rela.ctors)

.rel.dtors
 *(.rel.dtors)

.rela.dtors
 *(.rela.dtors)

.rel.got
 *(.rel.got)

.rela.got
 *(.rela.got)

.rel.bss
 *(.rel.bss)

.rela.bss
 *(.rela.bss)

.rel.plt
 *(.rel.plt)

.rela.plt
 *(.rela.plt)

.text           0x00000000     0x4efa
 *(.vectors)
 .vectors       0x00000000      0x1fc C:/Program Files (x86)/Atmel/Studio/7.0/Packs/atmel/XMEGAA_DFP/1.1.68/gcc/dev/atxmega128a4u/avrxmega7/crtatxmega128a4u.o
                0x00000000                __vector_default
                0x00000000                __vectors
 *(.vectors)
 *(.progmem.gcc*)
 .progmem.gcc_sw_table._ZN8emstreamlsE15ser_manipulator
                0x000001fc       0x16 Source/lib/serial/emstream.o
                0x00000212                . = ALIGN (0x2)
                0x00000212                __trampolines_start = .
 *(.trampolines)
 .trampolines   0x00000212      0x1a8 linker stubs
 *(.trampolines*)
                0x000003ba                __trampolines_end = .
 *libprintf_flt.a:*(.progmem.data)
 *libc.a:*(.progmem.data)
 *(.progmem*)
 .progmem.something
                0x000003ba      0x1ba Source/task_user.o
 .progmem.something
                0x00000574       0x4b Source/lib/frtcpp/frt_task.o
 .progmem.something
                0x000005bf       0x28 Source/lib/frtcpp/frt_task_stackprt.o
 .progmem.something
                0x000005e7       0x72 Source/lib/frtcpp/frt_task_status.o
 .progmem.something
                0x00000659       0x13 Source/lib/misc/hex_dump_memory.o
                0x0000066c                . = ALIGN (0x2)
 *(.jumptables)
 *(.jumptables*)
 *(.lowtext)
 .lowtext       0x0000066c        0x4 Source/lib/frtcpp/frt_task.o
                0x0000066c                _call_static_run_method
 *(.lowtext*)
                0x00000670                __ctors_start = .
 *(.ctors)
 .ctors         0x00000670        0x2 Source/main.o
                0x00000672                __ctors_end = .
                0x00000672                __dtors_start = .
 *(.dtors)
                0x00000672                __dtors_end = .
 SORT(*)(.ctors)
 SORT(*)(.dtors)
 *(.init0)
 .init0         0x00000672        0x0 C:/Program Files (x86)/Atmel/Studio/7.0/Packs/atmel/XMEGAA_DFP/1.1.68/gcc/dev/atxmega128a4u/avrxmega7/crtatxmega128a4u.o
                0x00000672                __init
 *(.init0)
 *(.init1)
 *(.init1)
 *(.init2)
 .init2         0x00000672       0x18 C:/Program Files (x86)/Atmel/Studio/7.0/Packs/atmel/XMEGAA_DFP/1.1.68/gcc/dev/atxmega128a4u/avrxmega7/crtatxmega128a4u.o
 *(.init2)
 *(.init3)
 *(.init3)
 *(.init4)
 .init4         0x0000068a       0x1c c:/program files (x86)/atmel/studio/7.0/toolchain/avr8/avr8-gnu-toolchain/bin/../lib/gcc/avr/5.4.0/avrxmega7\libgcc.a(_copy_data.o)
                0x0000068a                __do_copy_data
 .init4         0x000006a6       0x10 c:/program files (x86)/atmel/studio/7.0/toolchain/avr8/avr8-gnu-toolchain/bin/../lib/gcc/avr/5.4.0/avrxmega7\libgcc.a(_clear_bss.o)
                0x000006a6                __do_clear_bss
 *(.init4)
 *(.init5)
 *(.init5)
 *(.init6)
 .init6         0x000006b6       0x20 c:/program files (x86)/atmel/studio/7.0/toolchain/avr8/avr8-gnu-toolchain/bin/../lib/gcc/avr/5.4.0/avrxmega7\libgcc.a(_ctors.o)
                0x000006b6                __do_global_ctors
 *(.init6)
 *(.init7)
 *(.init7)
 *(.init8)
 *(.init8)
 *(.init9)
 .init9         0x000006d6        0x8 C:/Program Files (x86)/Atmel/Studio/7.0/Packs/atmel/XMEGAA_DFP/1.1.68/gcc/dev/atxmega128a4u/avrxmega7/crtatxmega128a4u.o
 *(.init9)
 *(.text)
 .text          0x000006de        0x4 C:/Program Files (x86)/Atmel/Studio/7.0/Packs/atmel/XMEGAA_DFP/1.1.68/gcc/dev/atxmega128a4u/avrxmega7/crtatxmega128a4u.o
                0x000006de                __vector_38
                0x000006de                __vector_104
                0x000006de                __vector_63
                0x000006de                __vector_67
                0x000006de                __vector_1
                0x000006de                __vector_119
                0x000006de                __vector_32
                0x000006de                __vector_75
                0x000006de                __vector_71
                0x000006de                __vector_34
                0x000006de                __vector_62
                0x000006de                __vector_77
                0x000006de                __vector_102
                0x000006de                __vector_24
                0x000006de                __vector_12
                0x000006de                __vector_55
                0x000006de                __vector_69
                0x000006de                __vector_81
                0x000006de                __vector_90
                0x000006de                __vector_46
                0x000006de                __bad_interrupt
                0x000006de                __vector_122
                0x000006de                __vector_72
                0x000006de                __vector_114
                0x000006de                __vector_6
                0x000006de                __vector_110
                0x000006de                __vector_31
                0x000006de                __vector_92
                0x000006de                __vector_35
                0x000006de                __vector_78
                0x000006de                __vector_74
                0x000006de                __vector_117
                0x000006de                __vector_39
                0x000006de                __vector_107
                0x000006de                __vector_3
                0x000006de                __vector_105
                0x000006de                __vector_98
                0x000006de                __vector_23
                0x000006de                __vector_68
                0x000006de                __vector_30
                0x000006de                __vector_73
                0x000006de                __vector_45
                0x000006de                __vector_93
                0x000006de                __vector_61
                0x000006de                __vector_11
                0x000006de                __vector_54
                0x000006de                __vector_99
                0x000006de                __vector_13
                0x000006de                __vector_17
                0x000006de                __vector_19
                0x000006de                __vector_56
                0x000006de                __vector_7
                0x000006de                __vector_125
                0x000006de                __vector_49
                0x000006de                __vector_123
                0x000006de                __vector_41
                0x000006de                __vector_86
                0x000006de                __vector_100
                0x000006de                __vector_101
                0x000006de                __vector_64
                0x000006de                __vector_109
                0x000006de                __vector_43
                0x000006de                __vector_27
                0x000006de                __vector_5
                0x000006de                __vector_113
                0x000006de                __vector_33
                0x000006de                __vector_76
                0x000006de                __vector_115
                0x000006de                __vector_47
                0x000006de                __vector_52
                0x000006de                __vector_37
                0x000006de                __vector_95
                0x000006de                __vector_103
                0x000006de                __vector_96
                0x000006de                __vector_89
                0x000006de                __vector_108
                0x000006de                __vector_4
                0x000006de                __vector_44
                0x000006de                __vector_82
                0x000006de                __vector_106
                0x000006de                __vector_118
                0x000006de                __vector_51
                0x000006de                __vector_9
                0x000006de                __vector_2
                0x000006de                __vector_21
                0x000006de                __vector_15
                0x000006de                __vector_66
                0x000006de                __vector_36
                0x000006de                __vector_79
                0x000006de                __vector_70
                0x000006de                __vector_83
                0x000006de                __vector_29
                0x000006de                __vector_60
                0x000006de                __vector_121
                0x000006de                __vector_40
                0x000006de                __vector_85
                0x000006de                __vector_94
                0x000006de                __vector_126
                0x000006de                __vector_8
                0x000006de                __vector_26
                0x000006de                __vector_48
                0x000006de                __vector_124
                0x000006de                __vector_116
                0x000006de                __vector_112
                0x000006de                __vector_111
                0x000006de                __vector_80
                0x000006de                __vector_14
                0x000006de                __vector_84
                0x000006de                __vector_57
                0x000006de                __vector_53
                0x000006de                __vector_10
                0x000006de                __vector_50
                0x000006de                __vector_16
                0x000006de                __vector_59
                0x000006de                __vector_18
                0x000006de                __vector_97
                0x000006de                __vector_20
                0x000006de                __vector_42
                0x000006de                __vector_87
                0x000006de                __vector_65
                0x000006de                __vector_120
                0x000006e2                . = ALIGN (0x2)
 *(.text.*)
 .text._ZN8I2CAgent10readPacketEv
                0x000006e2       0x16 Source/I2CAgent.o
                0x000006e2                _ZN8I2CAgent10readPacketEv
 .text._ZN8I2CAgent8transmitER7Command
                0x000006f8       0x2a Source/I2CAgent.o
                0x000006f8                _ZN8I2CAgent8transmitER7Command
 .text._ZN8I2CAgent7receiveEv
                0x00000722       0x56 Source/I2CAgent.o
                0x00000722                _ZN8I2CAgent7receiveEv
 .text._ZN8I2CAgent11writePacketER7Command
                0x00000778       0x64 Source/I2CAgent.o
                0x00000778                _ZN8I2CAgent11writePacketER7Command
 .text._ZN8I2CAgent11resetPacketER6Packet
                0x000007dc        0x8 Source/I2CAgent.o
                0x000007dc                _ZN8I2CAgent11resetPacketER6Packet
 .text._ZN8I2CAgent12setSlaveAddrEh
                0x000007e4       0x12 Source/I2CAgent.o
                0x000007e4                _ZN8I2CAgent12setSlaveAddrEh
 .text._ZN9I2CMaster11Transmitter11StatusState7executeER6Packet
                0x000007f6       0x74 Source/I2CMaster.o
                0x000007f6                _ZN9I2CMaster11Transmitter11StatusState7executeER6Packet
 .text._ZN9I2CMaster8Receiver11StatusState7executeER6Packet
                0x0000086a       0x74 Source/I2CMaster.o
                0x0000086a                _ZN9I2CMaster8Receiver11StatusState7executeER6Packet
 .text._ZN9I2CMaster11Transmitter13ExchangeState7executeER6Packet
                0x000008de       0x60 Source/I2CMaster.o
                0x000008de                _ZN9I2CMaster11Transmitter13ExchangeState7executeER6Packet
 .text._ZN9I2CMaster8Receiver13ExchangeState7executeER6Packet
                0x0000093e       0x4c Source/I2CMaster.o
                0x0000093e                _ZN9I2CMaster8Receiver13ExchangeState7executeER6Packet
 .text._ZN9I2CMaster11Transmitter17PacketStatusState7executeER6Packet
                0x0000098a       0x2a Source/I2CMaster.o
                0x0000098a                _ZN9I2CMaster11Transmitter17PacketStatusState7executeER6Packet
 .text._ZN9I2CMaster9DoneState7executeER6Packet
                0x000009b4        0xe Source/I2CMaster.o
                0x000009b4                _ZN9I2CMaster9DoneState7executeER6Packet
 .text._ZN9I2CMaster10ErrorState11serialDebugEv
                0x000009c2       0x2a Source/I2CMaster.o
                0x000009c2                _ZN9I2CMaster10ErrorState11serialDebugEv
 .text._ZN9I2CMaster9DoneState11serialDebugEv
                0x000009ec       0x2a Source/I2CMaster.o
                0x000009ec                _ZN9I2CMaster9DoneState11serialDebugEv
 .text._ZN9I2CMaster8Receiver17PacketStatusState11serialDebugEv
                0x00000a16       0x2a Source/I2CMaster.o
                0x00000a16                _ZN9I2CMaster8Receiver17PacketStatusState11serialDebugEv
 .text._ZN9I2CMaster11Transmitter17PacketStatusState11serialDebugEv
                0x00000a40       0x2a Source/I2CMaster.o
                0x00000a40                _ZN9I2CMaster11Transmitter17PacketStatusState11serialDebugEv
 .text._ZN9I2CMaster8Receiver13ExchangeState11serialDebugEv
                0x00000a6a       0x2a Source/I2CMaster.o
                0x00000a6a                _ZN9I2CMaster8Receiver13ExchangeState11serialDebugEv
 .text._ZN9I2CMaster11Transmitter13ExchangeState11serialDebugEv
                0x00000a94       0x2a Source/I2CMaster.o
                0x00000a94                _ZN9I2CMaster11Transmitter13ExchangeState11serialDebugEv
 .text._ZN9I2CMaster10StartState11serialDebugEv
                0x00000abe       0x2a Source/I2CMaster.o
                0x00000abe                _ZN9I2CMaster10StartState11serialDebugEv
 .text._ZN9I2CMaster11Transmitter11StatusState11serialDebugEv
                0x00000ae8       0x3c Source/I2CMaster.o
                0x00000ae8                _ZN9I2CMaster11Transmitter11StatusState11serialDebugEv
 .text._ZN9I2CMaster8Receiver11StatusState11serialDebugEv
                0x00000b24       0x3c Source/I2CMaster.o
                0x00000b24                _ZN9I2CMaster8Receiver11StatusState11serialDebugEv
 .text._ZN9I2CMaster10ErrorState7executeER6Packet
                0x00000b60       0x44 Source/I2CMaster.o
                0x00000b60                _ZN9I2CMaster10ErrorState7executeER6Packet
 .text._ZN9I2CMaster8Receiver17PacketStatusState7executeER6Packet
                0x00000ba4       0x68 Source/I2CMaster.o
                0x00000ba4                _ZN9I2CMaster8Receiver17PacketStatusState7executeER6Packet
 .text._ZN9I2CMaster11TransmitterC2EPS_
                0x00000c0c      0x11a Source/I2CMaster.o
                0x00000c0c                _ZN9I2CMaster11TransmitterC2EPS_
                0x00000c0c                _ZN9I2CMaster11TransmitterC1EPS_
 .text._ZN9I2CMaster8ReceiverC2EPS_
                0x00000d26      0x11a Source/I2CMaster.o
                0x00000d26                _ZN9I2CMaster8ReceiverC1EPS_
                0x00000d26                _ZN9I2CMaster8ReceiverC2EPS_
 .text._ZN9I2CMaster11Transmitter3runER6Packet
                0x00000e40       0x86 Source/I2CMaster.o
                0x00000e40                _ZN9I2CMaster11Transmitter3runER6Packet
 .text._ZN9I2CMaster8Receiver3runER6Packet
                0x00000ec6       0x76 Source/I2CMaster.o
                0x00000ec6                _ZN9I2CMaster8Receiver3runER6Packet
 .text._ZN9I2CMaster12set_baudrateEm
                0x00000f3c       0x2e Source/I2CMaster.o
                0x00000f3c                _ZN9I2CMaster12set_baudrateEm
 .text._ZN9I2CMasterC2EP10TWI_structmP8emstream
                0x00000f6a       0xc6 Source/I2CMaster.o
                0x00000f6a                _ZN9I2CMasterC2EP10TWI_structmP8emstream
                0x00000f6a                _ZN9I2CMasterC1EP10TWI_structmP8emstream
 .text._ZN9I2CMaster10send_startEv
                0x00001030       0x12 Source/I2CMaster.o
                0x00001030                _ZN9I2CMaster10send_startEv
 .text._ZN9I2CMaster10StartState7executeER6Packet
                0x00001042       0x46 Source/I2CMaster.o
                0x00001042                _ZN9I2CMaster10StartState7executeER6Packet
 .text._ZN6MB120212RangeCommand11writePacketER6Packet
                0x00001088       0x1a Source/MB1202.o
                0x00001088                _ZN6MB120212RangeCommand11writePacketER6Packet
 .text._ZN9frt_queueIhE16ISR_num_items_inEv
                0x000010a2        0xe Source/MB1202.o
                0x000010a2                _ZN9frt_queueIhE16ISR_num_items_inEv
 .text._ZN9frt_queueIhE13ISR_not_emptyEv
                0x000010b0       0x16 Source/MB1202.o
                0x000010b0                _ZN9frt_queueIhE13ISR_not_emptyEv
 .text._ZN9frt_queueIhE12ISR_is_emptyEv
                0x000010c6       0x14 Source/MB1202.o
                0x000010c6                _ZN9frt_queueIhE12ISR_is_emptyEv
 .text._ZN9frt_queueIhE12num_items_inEv
                0x000010da        0xe Source/MB1202.o
                0x000010da                _ZN9frt_queueIhE12num_items_inEv
 .text._ZN9frt_queueIhE9not_emptyEv
                0x000010e8       0x16 Source/MB1202.o
                0x000010e8                _ZN9frt_queueIhE9not_emptyEv
 .text._ZN9frt_queueIhE8is_emptyEv
                0x000010fe       0x14 Source/MB1202.o
                0x000010fe                _ZN9frt_queueIhE8is_emptyEv
 .text._ZN9frt_queueIhE10get_a_copyERh
                0x00001112       0x18 Source/MB1202.o
                0x00001112                _ZN9frt_queueIhE10get_a_copyERh
 .text._ZN9frt_queueIhE10get_a_copyEv
                0x0000112a       0x30 Source/MB1202.o
                0x0000112a                _ZN9frt_queueIhE10get_a_copyEv
 .text._ZN9frt_queueIhE3getEPh
                0x0000115a       0x18 Source/MB1202.o
                0x0000115a                _ZN9frt_queueIhE3getEPh
 .text._ZN9frt_queueIhE3getEv
                0x00001172       0x30 Source/MB1202.o
                0x00001172                _ZN9frt_queueIhE3getEv
 .text._ZN9frt_queueIhE7ISR_getEPh
                0x000011a2       0x22 Source/MB1202.o
                0x000011a2                _ZN9frt_queueIhE7ISR_getEPh
 .text._ZN9frt_queueIhE7ISR_getEv
                0x000011c4       0x2e Source/MB1202.o
                0x000011c4                _ZN9frt_queueIhE7ISR_getEv
 .text._ZN9frt_queueIhE11ISR_butt_inERKh
                0x000011f2       0x30 Source/MB1202.o
                0x000011f2                _ZN9frt_queueIhE11ISR_butt_inERKh
 .text._ZN9frt_queueIhE7ISR_putERKh
                0x00001222       0x30 Source/MB1202.o
                0x00001222                _ZN9frt_queueIhE7ISR_putERKh
 .text._ZN9frt_queueIhE7butt_inERKh
                0x00001252       0x24 Source/MB1202.o
                0x00001252                _ZN9frt_queueIhE7butt_inERKh
 .text._ZN9frt_queueIhE3putERKh
                0x00001276       0x24 Source/MB1202.o
                0x00001276                _ZN9frt_queueIhE3putERKh
 .text._ZN6MB1202C2EP9I2CMasterP8emstream
                0x0000129a      0x140 Source/MB1202.o
                0x0000129a                _ZN6MB1202C2EP9I2CMasterP8emstream
                0x0000129a                _ZN6MB1202C1EP9I2CMasterP8emstream
 .text._ZN7MMA845113ActiveCommand11writePacketER6Packet
                0x000013da       0x3e Source/MMA8451.o
                0x000013da                _ZN7MMA845113ActiveCommand11writePacketER6Packet
 .text._ZN7MMA845116QueryXRegCommand11writePacketER6Packet
                0x00001418       0x1a Source/MMA8451.o
                0x00001418                _ZN7MMA845116QueryXRegCommand11writePacketER6Packet
 .text._ZN7MMA845116QueryYRegCommand11writePacketER6Packet
                0x00001432       0x1a Source/MMA8451.o
                0x00001432                _ZN7MMA845116QueryYRegCommand11writePacketER6Packet
 .text._ZN7MMA845116QueryZRegCommand11writePacketER6Packet
                0x0000144c       0x1a Source/MMA8451.o
                0x0000144c                _ZN7MMA845116QueryZRegCommand11writePacketER6Packet
 .text._ZN7MMA8451C2EP9I2CMasterP8emstream
                0x00001466      0x196 Source/MMA8451.o
                0x00001466                _ZN7MMA8451C1EP9I2CMasterP8emstream
                0x00001466                _ZN7MMA8451C2EP9I2CMasterP8emstream
 .text._ZN7MMA845111getXReadingEv
                0x000015fc       0x88 Source/MMA8451.o
                0x000015fc                _ZN7MMA845111getXReadingEv
 .text._ZN7MMA845111getYReadingEv
                0x00001684       0x88 Source/MMA8451.o
                0x00001684                _ZN7MMA845111getYReadingEv
 .text._ZN7MMA845111getZReadingEv
                0x0000170c       0x88 Source/MMA8451.o
                0x0000170c                _ZN7MMA845111getZReadingEv
 .text._ZN6Packet12resetContentEv
                0x00001794       0x30 Source/Packet.o
                0x00001794                _ZN6Packet12resetContentEv
 .text._ZN11task_sensor3runEv
                0x000017c4       0x9e Source/task_sensor.o
                0x000017c4                _ZN11task_sensor3runEv
 .text._ZN11task_sensorC2EPKchjP8emstreamP7MMA8451
                0x00001862       0x3a Source/task_sensor.o
                0x00001862                _ZN11task_sensorC2EPKchjP8emstreamP7MMA8451
                0x00001862                _ZN11task_sensorC1EPKchjP8emstreamP7MMA8451
 .text._ZN9task_userC2EPKchjP8emstream
                0x0000189c       0x20 Source/task_user.o
                0x0000189c                _ZN9task_userC1EPKchjP8emstream
                0x0000189c                _ZN9task_userC2EPKchjP8emstream
 .text._ZN9task_user18print_help_messageEv
                0x000018bc      0x150 Source/task_user.o
                0x000018bc                _ZN9task_user18print_help_messageEv
 .text._ZN9task_user11show_statusEv
                0x00001a0c      0x116 Source/task_user.o
                0x00001a0c                _ZN9task_user11show_statusEv
 .text._ZN9task_user3runEv
                0x00001b22      0x25a Source/task_user.o
                0x00001b22                _ZN9task_user3runEv
 .text.pvPortMalloc
                0x00001d7c      0x134 Source/lib/freertos/heap_2.o
                0x00001d7c                pvPortMalloc
 .text.vPortFree
                0x00001eb0       0x66 Source/lib/freertos/heap_2.o
                0x00001eb0                vPortFree
 .text.xPortGetFreeHeapSize
                0x00001f16        0xa Source/lib/freertos/heap_2.o
                0x00001f16                xPortGetFreeHeapSize
 .text.vListInitialise
                0x00001f20       0x22 Source/lib/freertos/list.o
                0x00001f20                vListInitialise
 .text.vListInitialiseItem
                0x00001f42        0x8 Source/lib/freertos/list.o
                0x00001f42                vListInitialiseItem
 .text.vListInsertEnd
                0x00001f4a       0x4e Source/lib/freertos/list.o
                0x00001f4a                vListInsertEnd
 .text.vListInsert
                0x00001f98       0x96 Source/lib/freertos/list.o
                0x00001f98                vListInsert
 .text.vListRemove
                0x0000202e       0x4c Source/lib/freertos/list.o
                0x0000202e                vListRemove
 .text.pxPortInitialiseStack
                0x0000207a       0xec Source/lib/freertos/port.o
                0x0000207a                pxPortInitialiseStack
 .text.xPortStartScheduler
                0x00002166       0x7c Source/lib/freertos/port.o
                0x00002166                xPortStartScheduler
 .text.vPortYield
                0x000021e2       0xc2 Source/lib/freertos/port.o
                0x000021e2                vPortYield
 .text.vPortYieldFromTick
                0x000022a4       0xc6 Source/lib/freertos/port.o
                0x000022a4                vPortYieldFromTick
 .text.__vector_22
                0x0000236a        0x6 Source/lib/freertos/port.o
                0x0000236a                __vector_22
 .text.prvCopyDataToQueue
                0x00002370       0x98 Source/lib/freertos/queue.o
 .text.prvCopyDataFromQueue
                0x00002408       0x34 Source/lib/freertos/queue.o
 .text.prvUnlockQueue
                0x0000243c       0x94 Source/lib/freertos/queue.o
 .text.xQueueGenericReset
                0x000024d0       0x78 Source/lib/freertos/queue.o
                0x000024d0                xQueueGenericReset
 .text.xQueueGenericCreate
                0x00002548       0x5c Source/lib/freertos/queue.o
                0x00002548                xQueueGenericCreate
 .text.xQueueGenericSend
                0x000025a4      0x136 Source/lib/freertos/queue.o
                0x000025a4                xQueueGenericSend
 .text.xQueueGenericSendFromISR
                0x000026da       0x58 Source/lib/freertos/queue.o
                0x000026da                xQueueGenericSendFromISR
 .text.xQueueGenericReceive
                0x00002732      0x188 Source/lib/freertos/queue.o
                0x00002732                xQueueGenericReceive
 .text.xQueueReceiveFromISR
                0x000028ba       0x5a Source/lib/freertos/queue.o
                0x000028ba                xQueueReceiveFromISR
 .text.uxQueueMessagesWaiting
                0x00002914       0x10 Source/lib/freertos/queue.o
                0x00002914                uxQueueMessagesWaiting
 .text.uxQueueMessagesWaitingFromISR
                0x00002924        0x6 Source/lib/freertos/queue.o
                0x00002924                uxQueueMessagesWaitingFromISR
 .text.prvIdleTask
                0x0000292a       0x10 Source/lib/freertos/tasks.o
 .text.prvAddCurrentTaskToDelayedList
                0x0000293a       0x9c Source/lib/freertos/tasks.o
 .text.xTaskGenericCreate
                0x000029d6      0x204 Source/lib/freertos/tasks.o
                0x000029d6                xTaskGenericCreate
 .text.uxTaskPriorityGet
                0x00002bda       0x1c Source/lib/freertos/tasks.o
                0x00002bda                uxTaskPriorityGet
 .text.vTaskStartScheduler
                0x00002bf6       0x66 Source/lib/freertos/tasks.o
                0x00002bf6                vTaskStartScheduler
 .text.vTaskSuspendAll
                0x00002c5c        0xc Source/lib/freertos/tasks.o
                0x00002c5c                vTaskSuspendAll
 .text.xTaskGetTickCount
                0x00002c68       0x1c Source/lib/freertos/tasks.o
                0x00002c68                xTaskGetTickCount
 .text.pcTaskGetTaskName
                0x00002c84       0x10 Source/lib/freertos/tasks.o
                0x00002c84                pcTaskGetTaskName
 .text.xTaskGetIdleTaskHandle
                0x00002c94        0xa Source/lib/freertos/tasks.o
                0x00002c94                xTaskGetIdleTaskHandle
 .text.vTaskIncrementTick
                0x00002c9e      0x202 Source/lib/freertos/tasks.o
                0x00002c9e                vTaskIncrementTick
 .text.xTaskResumeAll
                0x00002ea0      0x104 Source/lib/freertos/tasks.o
                0x00002ea0                xTaskResumeAll
 .text.vTaskDelay
                0x00002fa4       0x5c Source/lib/freertos/tasks.o
                0x00002fa4                vTaskDelay
 .text.vTaskSwitchContext
                0x00003000       0xba Source/lib/freertos/tasks.o
                0x00003000                vTaskSwitchContext
 .text.vTaskPlaceOnEventList
                0x000030ba       0x54 Source/lib/freertos/tasks.o
                0x000030ba                vTaskPlaceOnEventList
 .text.xTaskRemoveFromEventList
                0x0000310e       0x7e Source/lib/freertos/tasks.o
                0x0000310e                xTaskRemoveFromEventList
 .text.vTaskSetTimeOutState
                0x0000318c       0x22 Source/lib/freertos/tasks.o
                0x0000318c                vTaskSetTimeOutState
 .text.xTaskCheckForTimeOut
                0x000031ae       0xda Source/lib/freertos/tasks.o
                0x000031ae                xTaskCheckForTimeOut
 .text.vTaskMissedYield
                0x00003288        0x8 Source/lib/freertos/tasks.o
                0x00003288                vTaskMissedYield
 .text.uxTaskGetStackHighWaterMark
                0x00003290       0x32 Source/lib/freertos/tasks.o
                0x00003290                uxTaskGetStackHighWaterMark
 .text.xTaskGetCurrentTaskHandle
                0x000032c2        0xa Source/lib/freertos/tasks.o
                0x000032c2                xTaskGetCurrentTaskHandle
 .text.vTaskPriorityInherit
                0x000032cc       0xaa Source/lib/freertos/tasks.o
                0x000032cc                vTaskPriorityInherit
 .text.vTaskPriorityDisinherit
                0x00003376       0x68 Source/lib/freertos/tasks.o
                0x00003376                vTaskPriorityDisinherit
 .text._ZN8frt_task22_call_users_run_methodEPS_
                0x000033de       0x1e Source/lib/frtcpp/frt_task.o
                0x000033de                _ZN8frt_task22_call_users_run_methodEPS_
 .text._ZN8frt_task13transition_toEh
                0x000033fc        0x8 Source/lib/frtcpp/frt_task.o
                0x000033fc                _ZN8frt_task13transition_toEh
 .text._ZN8frt_taskC2EPKchjP8emstream
                0x00003404      0x18e Source/lib/frtcpp/frt_task.o
                0x00003404                _ZN8frt_taskC1EPKchjP8emstream
                0x00003404                _ZN8frt_taskC2EPKchjP8emstream
 .text._ZN8frt_task19print_stack_in_listEP8emstream
                0x00003592       0x9c Source/lib/frtcpp/frt_task_stackprt.o
                0x00003592                _ZN8frt_task19print_stack_in_listEP8emstream
 .text._Z17print_task_stacksP8emstream
                0x0000362e       0x80 Source/lib/frtcpp/frt_task_stackprt.o
                0x0000362e                _Z17print_task_stacksP8emstream
 .text._ZN8frt_task12print_statusER8emstream
                0x000036ae      0x120 Source/lib/frtcpp/frt_task_status.o
                0x000036ae                _ZN8frt_task12print_statusER8emstream
 .text._ZlsR8emstreamR8frt_task
                0x000037ce       0x20 Source/lib/frtcpp/frt_task_status.o
                0x000037ce                _ZlsR8emstreamR8frt_task
 .text._ZN8frt_task20print_status_in_listEP8emstream
                0x000037ee       0x32 Source/lib/frtcpp/frt_task_status.o
                0x000037ee                _ZN8frt_task20print_status_in_listEP8emstream
 .text._Z15print_task_listP8emstream
                0x00003820      0x122 Source/lib/frtcpp/frt_task_status.o
                0x00003820                _Z15print_task_listP8emstream
 .text._ZN14frt_text_queue7getcharEv
                0x00003942       0x3c Source/lib/frtcpp/frt_text_queue.o
                0x00003942                _ZN14frt_text_queue7getcharEv
 .text._ZN14frt_text_queue14check_for_charEv
                0x0000397e       0x16 Source/lib/frtcpp/frt_text_queue.o
                0x0000397e                _ZN14frt_text_queue14check_for_charEv
 .text._ZN14frt_text_queue7putcharEc
                0x00003994       0x3c Source/lib/frtcpp/frt_text_queue.o
                0x00003994                _ZN14frt_text_queue7putcharEc
 .text._ZN14frt_text_queueC2EjP8emstreamm
                0x000039d0       0x5e Source/lib/frtcpp/frt_text_queue.o
                0x000039d0                _ZN14frt_text_queueC2EjP8emstreamm
                0x000039d0                _ZN14frt_text_queueC1EjP8emstreamm
 .text._ZN10time_stamp12get_microsecEv
                0x00003a2e       0x80 Source/lib/frtcpp/time_stamp_get_us.o
                0x00003a2e                _ZN10time_stamp12get_microsecEv
 .text._ZlsR8emstreamR10time_stamp
                0x00003aae       0xb8 Source/lib/frtcpp/time_stamp_lshift.o
                0x00003aae                _ZlsR8emstreamR10time_stamp
 .text._ZN10time_stamp10set_to_nowEv
                0x00003b66       0x30 Source/lib/frtcpp/time_stamp_to_now.o
                0x00003b66                _ZN10time_stamp10set_to_nowEv
 .text._Z15hex_dump_memoryPhS_P8emstreambh
                0x00003b96      0x162 Source/lib/misc/hex_dump_memory.o
                0x00003b96                _Z15hex_dump_memoryPhS_P8emstreambh
 .text._Znwj    0x00003cf8        0x6 Source/lib/misc/mechutil.o
                0x00003cf8                _Znwj
 .text._Znaj    0x00003cfe        0x6 Source/lib/misc/mechutil.o
                0x00003cfe                _Znaj
 .text.__cxa_pure_virtual
                0x00003d04        0x2 Source/lib/misc/mechutil.o
                0x00003d04                __cxa_pure_virtual
 .text._ZN7base232C2EjP12USART_struct
                0x00003d06      0x12c Source/lib/serial/base232.o
                0x00003d06                _ZN7base232C1EjP12USART_struct
                0x00003d06                _ZN7base232C2EjP12USART_struct
 .text._ZN8emstream13ready_to_sendEv
                0x00003e32        0x4 Source/lib/serial/emstream.o
                0x00003e32                _ZN8emstream13ready_to_sendEv
 .text._ZN8emstream7getcharEv
                0x00003e36        0x6 Source/lib/serial/emstream.o
                0x00003e36                _ZN8emstream7getcharEv
 .text._ZN8emstream14check_for_charEv
                0x00003e3c        0x4 Source/lib/serial/emstream.o
                0x00003e3c                _ZN8emstream14check_for_charEv
 .text._ZN8emstream12transmit_nowEv
                0x00003e40        0x2 Source/lib/serial/emstream.o
                0x00003e40                _ZN8emstream12transmit_nowEv
 .text._ZN8emstream12clear_screenEv
                0x00003e42        0x2 Source/lib/serial/emstream.o
                0x00003e42                _ZN8emstream12clear_screenEv
 .text._ZN8emstreamC2Ev
                0x00003e44       0x1c Source/lib/serial/emstream.o
                0x00003e44                _ZN8emstreamC2Ev
                0x00003e44                _ZN8emstreamC1Ev
 .text._ZN8emstream4putsEPKc
                0x00003e60       0x6e Source/lib/serial/emstream.o
                0x00003e60                _ZN8emstream4putsEPKc
 .text._ZN8emstreamlsE15ser_manipulator
                0x00003ece       0x8e Source/lib/serial/emstream.o
                0x00003ece                _ZN8emstreamlsE15ser_manipulator
 .text._ZN8emstreamlsEj
                0x00003f5c       0x68 Source/lib/serial/emstream_uint16_t.o
                0x00003f5c                _ZN8emstreamlsEj
 .text._ZN8emstreamlsEm
                0x00003fc4       0x84 Source/lib/serial/emstream_uint32_t.o
                0x00003fc4                _ZN8emstreamlsEm
 .text._ZN8emstreamlsEh
                0x00004048      0x100 Source/lib/serial/emstream_uint8_t.o
                0x00004048                _ZN8emstreamlsEh
 .text._ZN5rs2327putcharEc
                0x00004148       0x48 Source/lib/serial/rs232int.o
                0x00004148                _ZN5rs2327putcharEc
 .text._ZN5rs2327getcharEv
                0x00004190       0x4c Source/lib/serial/rs232int.o
                0x00004190                _ZN5rs2327getcharEv
 .text._ZN5rs23214check_for_charEv
                0x000041dc       0x26 Source/lib/serial/rs232int.o
                0x000041dc                _ZN5rs23214check_for_charEv
 .text._ZN5rs23212clear_screenEv
                0x00004202       0x12 Source/lib/serial/rs232int.o
                0x00004202                _ZN5rs23212clear_screenEv
 .text._ZN5rs232C2EjP12USART_struct
                0x00004214      0x100 Source/lib/serial/rs232int.o
                0x00004214                _ZN5rs232C2EjP12USART_struct
                0x00004214                _ZN5rs232C1EjP12USART_struct
 .text.__vector_25
                0x00004314       0xbc Source/lib/serial/rs232int.o
                0x00004314                __vector_25
 .text.__vector_28
                0x000043d0       0xbc Source/lib/serial/rs232int.o
                0x000043d0                __vector_28
 .text.__vector_88
                0x0000448c       0xbc Source/lib/serial/rs232int.o
                0x0000448c                __vector_88
 .text.__vector_91
                0x00004548       0xbc Source/lib/serial/rs232int.o
                0x00004548                __vector_91
 .text.__vector_58
                0x00004604       0xbc Source/lib/serial/rs232int.o
                0x00004604                __vector_58
 .text._ZN9frt_queueIjE16ISR_num_items_inEv
                0x000046c0        0xe Source/main.o
                0x000046c0                _ZN9frt_queueIjE16ISR_num_items_inEv
 .text._ZN9frt_queueIjE13ISR_not_emptyEv
                0x000046ce       0x16 Source/main.o
                0x000046ce                _ZN9frt_queueIjE13ISR_not_emptyEv
 .text._ZN9frt_queueIjE12ISR_is_emptyEv
                0x000046e4       0x14 Source/main.o
                0x000046e4                _ZN9frt_queueIjE12ISR_is_emptyEv
 .text._ZN9frt_queueIiE16ISR_num_items_inEv
                0x000046f8        0xe Source/main.o
                0x000046f8                _ZN9frt_queueIiE16ISR_num_items_inEv
 .text._ZN9frt_queueIiE13ISR_not_emptyEv
                0x00004706       0x16 Source/main.o
                0x00004706                _ZN9frt_queueIiE13ISR_not_emptyEv
 .text._ZN9frt_queueIiE12ISR_is_emptyEv
                0x0000471c       0x14 Source/main.o
                0x0000471c                _ZN9frt_queueIiE12ISR_is_emptyEv
 .text._ZN9frt_queueIjE12num_items_inEv
                0x00004730        0xe Source/main.o
                0x00004730                _ZN9frt_queueIjE12num_items_inEv
 .text._ZN9frt_queueIjE9not_emptyEv
                0x0000473e       0x16 Source/main.o
                0x0000473e                _ZN9frt_queueIjE9not_emptyEv
 .text._ZN9frt_queueIjE8is_emptyEv
                0x00004754       0x14 Source/main.o
                0x00004754                _ZN9frt_queueIjE8is_emptyEv
 .text._ZN9frt_queueIiE12num_items_inEv
                0x00004768        0xe Source/main.o
                0x00004768                _ZN9frt_queueIiE12num_items_inEv
 .text._ZN9frt_queueIiE9not_emptyEv
                0x00004776       0x16 Source/main.o
                0x00004776                _ZN9frt_queueIiE9not_emptyEv
 .text._ZN9frt_queueIiE8is_emptyEv
                0x0000478c       0x14 Source/main.o
                0x0000478c                _ZN9frt_queueIiE8is_emptyEv
 .text._ZN9frt_queueIjE10get_a_copyERj
                0x000047a0       0x18 Source/main.o
                0x000047a0                _ZN9frt_queueIjE10get_a_copyERj
 .text._ZN9frt_queueIjE10get_a_copyEv
                0x000047b8       0x36 Source/main.o
                0x000047b8                _ZN9frt_queueIjE10get_a_copyEv
 .text._ZN9frt_queueIjE3getEPj
                0x000047ee       0x18 Source/main.o
                0x000047ee                _ZN9frt_queueIjE3getEPj
 .text._ZN9frt_queueIjE3getEv
                0x00004806       0x36 Source/main.o
                0x00004806                _ZN9frt_queueIjE3getEv
 .text._ZN9frt_queueIiE10get_a_copyERi
                0x0000483c       0x18 Source/main.o
                0x0000483c                _ZN9frt_queueIiE10get_a_copyERi
 .text._ZN9frt_queueIiE10get_a_copyEv
                0x00004854       0x36 Source/main.o
                0x00004854                _ZN9frt_queueIiE10get_a_copyEv
 .text._ZN9frt_queueIiE3getEPi
                0x0000488a       0x18 Source/main.o
                0x0000488a                _ZN9frt_queueIiE3getEPi
 .text._ZN9frt_queueIiE3getEv
                0x000048a2       0x36 Source/main.o
                0x000048a2                _ZN9frt_queueIiE3getEv
 .text._ZN9frt_queueIjE7ISR_getEPj
                0x000048d8       0x22 Source/main.o
                0x000048d8                _ZN9frt_queueIjE7ISR_getEPj
 .text._ZN9frt_queueIjE7ISR_getEv
                0x000048fa       0x30 Source/main.o
                0x000048fa                _ZN9frt_queueIjE7ISR_getEv
 .text._ZN9frt_queueIiE7ISR_getEPi
                0x0000492a       0x22 Source/main.o
                0x0000492a                _ZN9frt_queueIiE7ISR_getEPi
 .text._ZN9frt_queueIiE7ISR_getEv
                0x0000494c       0x30 Source/main.o
                0x0000494c                _ZN9frt_queueIiE7ISR_getEv
 .text._ZN9frt_queueIjE11ISR_butt_inERKj
                0x0000497c       0x30 Source/main.o
                0x0000497c                _ZN9frt_queueIjE11ISR_butt_inERKj
 .text._ZN9frt_queueIjE7ISR_putERKj
                0x000049ac       0x30 Source/main.o
                0x000049ac                _ZN9frt_queueIjE7ISR_putERKj
 .text._ZN9frt_queueIiE11ISR_butt_inERKi
                0x000049dc       0x30 Source/main.o
                0x000049dc                _ZN9frt_queueIiE11ISR_butt_inERKi
 .text._ZN9frt_queueIiE7ISR_putERKi
                0x00004a0c       0x30 Source/main.o
                0x00004a0c                _ZN9frt_queueIiE7ISR_putERKi
 .text._ZN9frt_queueIjE7butt_inERKj
                0x00004a3c       0x24 Source/main.o
                0x00004a3c                _ZN9frt_queueIjE7butt_inERKj
 .text._ZN9frt_queueIjE3putERKj
                0x00004a60       0x24 Source/main.o
                0x00004a60                _ZN9frt_queueIjE3putERKj
 .text._ZN9frt_queueIiE7butt_inERKi
                0x00004a84       0x24 Source/main.o
                0x00004a84                _ZN9frt_queueIiE7butt_inERKi
 .text._ZN9frt_queueIiE3putERKi
                0x00004aa8       0x24 Source/main.o
                0x00004aa8                _ZN9frt_queueIiE3putERKi
 .text._Z8CCPWritePVhh
                0x00004acc       0x2a Source/main.o
                0x00004acc                _Z8CCPWritePVhh
 .text.main     0x00004af6      0x11c Source/main.o
                0x00004af6                main
 .text._GLOBAL__sub_I_counter
                0x00004c12       0xfa Source/main.o
 .text.libgcc.mul
                0x00004d0c       0x20 c:/program files (x86)/atmel/studio/7.0/toolchain/avr8/avr8-gnu-toolchain/bin/../lib/gcc/avr/5.4.0/avrxmega7\libgcc.a(_mulsi3.o)
                0x00004d0c                __mulsi3
 .text.libgcc.div
                0x00004d2c       0x44 c:/program files (x86)/atmel/studio/7.0/toolchain/avr8/avr8-gnu-toolchain/bin/../lib/gcc/avr/5.4.0/avrxmega7\libgcc.a(_udivmodsi4.o)
                0x00004d2c                __udivmodsi4
 .text.libgcc.div
                0x00004d70       0x2e c:/program files (x86)/atmel/studio/7.0/toolchain/avr8/avr8-gnu-toolchain/bin/../lib/gcc/avr/5.4.0/avrxmega7\libgcc.a(_divmodsi4.o)
                0x00004d70                __divmodsi4
 .text.libgcc.div
                0x00004d9e       0x10 c:/program files (x86)/atmel/studio/7.0/toolchain/avr8/avr8-gnu-toolchain/bin/../lib/gcc/avr/5.4.0/avrxmega7\libgcc.a(_negsi2.o)
                0x00004d9e                __negsi2
 .text.libgcc   0x00004dae       0x12 c:/program files (x86)/atmel/studio/7.0/toolchain/avr8/avr8-gnu-toolchain/bin/../lib/gcc/avr/5.4.0/avrxmega7\libgcc.a(_tablejump2.o)
                0x00004dae                __tablejump2__
 .text.libgcc.mul
                0x00004dc0       0x16 c:/program files (x86)/atmel/studio/7.0/toolchain/avr8/avr8-gnu-toolchain/bin/../lib/gcc/avr/5.4.0/avrxmega7\libgcc.a(_muluhisi3.o)
                0x00004dc0                __muluhisi3
 .text.libgcc.mul
                0x00004dd6       0x1e c:/program files (x86)/atmel/studio/7.0/toolchain/avr8/avr8-gnu-toolchain/bin/../lib/gcc/avr/5.4.0/avrxmega7\libgcc.a(_umulhisi3.o)
                0x00004dd6                __umulhisi3
 .text.avr-libc
                0x00004df4       0x12 c:/program files (x86)/atmel/studio/7.0/toolchain/avr8/avr8-gnu-toolchain/bin/../lib/gcc/avr/5.4.0/../../../../avr/lib/avrxmega7\libc.a(memcpy.o)
                0x00004df4                memcpy
 .text.avr-libc
                0x00004e06        0xe c:/program files (x86)/atmel/studio/7.0/toolchain/avr8/avr8-gnu-toolchain/bin/../lib/gcc/avr/5.4.0/../../../../avr/lib/avrxmega7\libc.a(memset.o)
                0x00004e06                memset
 .text.avr-libc
                0x00004e14       0x1e c:/program files (x86)/atmel/studio/7.0/toolchain/avr8/avr8-gnu-toolchain/bin/../lib/gcc/avr/5.4.0/../../../../avr/lib/avrxmega7\libc.a(strncpy.o)
                0x00004e14                strncpy
 .text.avr-libc
                0x00004e32       0x16 c:/program files (x86)/atmel/studio/7.0/toolchain/avr8/avr8-gnu-toolchain/bin/../lib/gcc/avr/5.4.0/../../../../avr/lib/avrxmega7\libc.a(ultoa.o)
                0x00004e32                ultoa
                0x00004e32                __ultoa
 .text.avr-libc
                0x00004e48       0x44 c:/program files (x86)/atmel/studio/7.0/toolchain/avr8/avr8-gnu-toolchain/bin/../lib/gcc/avr/5.4.0/../../../../avr/lib/avrxmega7\libc.a(ultoa_ncheck.o)
                0x00004e48                __ultoa_ncheck
                0x00004e4a                __ultoa_common
 .text.avr-libc
                0x00004e8c       0x16 c:/program files (x86)/atmel/studio/7.0/toolchain/avr8/avr8-gnu-toolchain/bin/../lib/gcc/avr/5.4.0/../../../../avr/lib/avrxmega7\libc.a(utoa.o)
                0x00004e8c                __utoa
                0x00004e8c                utoa
 .text.avr-libc
                0x00004ea2       0x34 c:/program files (x86)/atmel/studio/7.0/toolchain/avr8/avr8-gnu-toolchain/bin/../lib/gcc/avr/5.4.0/../../../../avr/lib/avrxmega7\libc.a(utoa_ncheck.o)
                0x00004ea2                __utoa_ncheck
                0x00004ea4                __utoa_common
 .text.avr-libc
                0x00004ed6       0x20 c:/program files (x86)/atmel/studio/7.0/toolchain/avr8/avr8-gnu-toolchain/bin/../lib/gcc/avr/5.4.0/../../../../avr/lib/avrxmega7\libc.a(strrev.o)
                0x00004ed6                strrev
                0x00004ef6                . = ALIGN (0x2)
 *(.fini9)
 .fini9         0x00004ef6        0x0 c:/program files (x86)/atmel/studio/7.0/toolchain/avr8/avr8-gnu-toolchain/bin/../lib/gcc/avr/5.4.0/avrxmega7\libgcc.a(_exit.o)
                0x00004ef6                _exit
                0x00004ef6                exit
 *(.fini9)
 *(.fini8)
 *(.fini8)
 *(.fini7)
 *(.fini7)
 *(.fini6)
 *(.fini6)
 *(.fini5)
 *(.fini5)
 *(.fini4)
 *(.fini4)
 *(.fini3)
 *(.fini3)
 *(.fini2)
 *(.fini2)
 *(.fini1)
 *(.fini1)
 *(.fini0)
 .fini0         0x00004ef6        0x4 c:/program files (x86)/atmel/studio/7.0/toolchain/avr8/avr8-gnu-toolchain/bin/../lib/gcc/avr/5.4.0/avrxmega7\libgcc.a(_exit.o)
 *(.fini0)
                0x00004efa                _etext = .

.data           0x00802000      0x236 load address 0x00004efa
                0x00802000                PROVIDE (__data_start, .)
 *(.data)
 *(.data*)
 .data.xFreeBytesRemaining
                0x00802000        0x2 Source/lib/freertos/heap_2.o
 .data.xNextTaskUnblockTime
                0x00802002        0x4 Source/lib/freertos/tasks.o
 *(.rodata)
 *(.rodata*)
 .rodata._ZTV8I2CAgent
                0x00802006        0xe Source/I2CAgent.o
                0x00802006                _ZTV8I2CAgent
 .rodata.str1.1
                0x00802014       0x97 Source/I2CMaster.o
 .rodata._ZTVN9I2CMaster10StartStateE
                0x008020ab        0x8 Source/I2CMaster.o
                0x008020ab                _ZTVN9I2CMaster10StartStateE
 .rodata._ZTVN9I2CMaster11Transmitter11StatusStateE
                0x008020b3        0x8 Source/I2CMaster.o
                0x008020b3                _ZTVN9I2CMaster11Transmitter11StatusStateE
 .rodata._ZTVN9I2CMaster8Receiver11StatusStateE
                0x008020bb        0x8 Source/I2CMaster.o
                0x008020bb                _ZTVN9I2CMaster8Receiver11StatusStateE
 .rodata._ZTVN9I2CMaster11Transmitter13ExchangeStateE
                0x008020c3        0x8 Source/I2CMaster.o
                0x008020c3                _ZTVN9I2CMaster11Transmitter13ExchangeStateE
 .rodata._ZTVN9I2CMaster8Receiver13ExchangeStateE
                0x008020cb        0x8 Source/I2CMaster.o
                0x008020cb                _ZTVN9I2CMaster8Receiver13ExchangeStateE
 .rodata._ZTVN9I2CMaster11Transmitter17PacketStatusStateE
                0x008020d3        0x8 Source/I2CMaster.o
                0x008020d3                _ZTVN9I2CMaster11Transmitter17PacketStatusStateE
 .rodata._ZTVN9I2CMaster8Receiver17PacketStatusStateE
                0x008020db        0x8 Source/I2CMaster.o
                0x008020db                _ZTVN9I2CMaster8Receiver17PacketStatusStateE
 .rodata._ZTVN9I2CMaster9DoneStateE
                0x008020e3        0x8 Source/I2CMaster.o
                0x008020e3                _ZTVN9I2CMaster9DoneStateE
 .rodata._ZTVN9I2CMaster10ErrorStateE
                0x008020eb        0x8 Source/I2CMaster.o
                0x008020eb                _ZTVN9I2CMaster10ErrorStateE
 .rodata._ZTV9frt_queueIhE
                0x008020f3       0x24 Source/MB1202.o
                0x008020f3                _ZTV9frt_queueIhE
 .rodata._ZTV6Packet
                0x00802117       0x24 Source/MB1202.o
                0x00802117                _ZTV6Packet
 .rodata._ZTV9CommAgent
                0x0080213b        0xe Source/MB1202.o
                0x0080213b                _ZTV9CommAgent
 .rodata._ZTVN6MB120212RangeCommandE
                0x00802149        0x6 Source/MB1202.o
                0x00802149                _ZTVN6MB120212RangeCommandE
 .rodata._ZTVN7MMA845113ActiveCommandE
                0x0080214f        0x6 Source/MMA8451.o
                0x0080214f                _ZTVN7MMA845113ActiveCommandE
 .rodata._ZTVN7MMA845116QueryXRegCommandE
                0x00802155        0x6 Source/MMA8451.o
                0x00802155                _ZTVN7MMA845116QueryXRegCommandE
 .rodata._ZTVN7MMA845116QueryYRegCommandE
                0x0080215b        0x6 Source/MMA8451.o
                0x0080215b                _ZTVN7MMA845116QueryYRegCommandE
 .rodata._ZTVN7MMA845116QueryZRegCommandE
                0x00802161        0x6 Source/MMA8451.o
                0x00802161                _ZTVN7MMA845116QueryZRegCommandE
 .rodata.str1.1
                0x00802167        0xc Source/task_sensor.o
 .rodata._ZTV11task_sensor
                0x00802173        0x8 Source/task_sensor.o
                0x00802173                _ZTV11task_sensor
 .rodata._ZTV9task_user
                0x0080217b        0x8 Source/task_user.o
                0x0080217b                _ZTV9task_user
 .rodata.str1.1
                0x00802183        0x5 Source/lib/freertos/tasks.o
 .rodata._ZTV8frt_task
                0x00802188        0x8 Source/lib/frtcpp/frt_task_status.o
                0x00802188                _ZTV8frt_task
 .rodata._ZTV14frt_text_queue
                0x00802190       0x10 Source/lib/frtcpp/frt_text_queue.o
                0x00802190                _ZTV14frt_text_queue
 .rodata._ZTV8emstream
                0x008021a0       0x10 Source/lib/serial/emstream.o
                0x008021a0                _ZTV8emstream
 .rodata._ZTV5rs232
                0x008021b0       0x10 Source/lib/serial/rs232int.o
                0x008021b0                _ZTV5rs232
 .rodata.str1.1
                0x008021c0       0x2e Source/main.o
 .rodata._ZTV9frt_queueIjE
                0x008021ee       0x24 Source/main.o
                0x008021ee                _ZTV9frt_queueIjE
 .rodata._ZTV9frt_queueIiE
                0x00802212       0x24 Source/main.o
                0x00802212                _ZTV9frt_queueIiE
 *(.gnu.linkonce.d*)
                0x00802236                . = ALIGN (0x2)
                0x00802236                _edata = .
                0x00802236                PROVIDE (__data_end, .)

.bss            0x00802236     0x10ce
                0x00802236                PROVIDE (__bss_start, .)
 *(.bss)
 *(.bss*)
 .bss.xHeapHasBeenInitialised.4150
                0x00802236        0x1 Source/lib/freertos/heap_2.o
 .bss.xEnd      0x00802237        0x4 Source/lib/freertos/heap_2.o
 .bss.xStart    0x0080223b        0x4 Source/lib/freertos/heap_2.o
 .bss.xHeap     0x0080223f      0xfff Source/lib/freertos/heap_2.o
 .bss.uxTaskNumber
                0x0080323e        0x1 Source/lib/freertos/tasks.o
 .bss.xNumOfOverflows
                0x0080323f        0x1 Source/lib/freertos/tasks.o
 .bss.xMissedYield
                0x00803240        0x1 Source/lib/freertos/tasks.o
 .bss.uxMissedTicks
                0x00803241        0x1 Source/lib/freertos/tasks.o
 .bss.uxSchedulerSuspended
                0x00803242        0x1 Source/lib/freertos/tasks.o
 .bss.xSchedulerRunning
                0x00803243        0x1 Source/lib/freertos/tasks.o
 .bss.uxTopReadyPriority
                0x00803244        0x1 Source/lib/freertos/tasks.o
 .bss.uxTopUsedPriority
                0x00803245        0x1 Source/lib/freertos/tasks.o
 .bss.xTickCount
                0x00803246        0x4 Source/lib/freertos/tasks.o
 .bss.uxCurrentNumberOfTasks
                0x0080324a        0x1 Source/lib/freertos/tasks.o
 .bss.xIdleTaskHandle
                0x0080324b        0x2 Source/lib/freertos/tasks.o
 .bss.xPendingReadyList
                0x0080324d        0xb Source/lib/freertos/tasks.o
 .bss.pxOverflowDelayedTaskList
                0x00803258        0x2 Source/lib/freertos/tasks.o
 .bss.pxDelayedTaskList
                0x0080325a        0x2 Source/lib/freertos/tasks.o
 .bss.xDelayedTaskList2
                0x0080325c        0xb Source/lib/freertos/tasks.o
 .bss.xDelayedTaskList1
                0x00803267        0xb Source/lib/freertos/tasks.o
 .bss.pxReadyTasksLists
                0x00803272       0x2c Source/lib/freertos/tasks.o
 .bss.pxCurrentTCB
                0x0080329e        0x2 Source/lib/freertos/tasks.o
                0x0080329e                pxCurrentTCB
 .bss.last_created_task_pointer
                0x008032a0        0x2 Source/lib/frtcpp/frt_task.o
                0x008032a0                last_created_task_pointer
 .bss.rcvE0_write_index
                0x008032a2        0x2 Source/lib/serial/rs232int.o
                0x008032a2                rcvE0_write_index
 .bss.rcvD1_write_index
                0x008032a4        0x2 Source/lib/serial/rs232int.o
                0x008032a4                rcvD1_write_index
 .bss.rcvD0_write_index
                0x008032a6        0x2 Source/lib/serial/rs232int.o
                0x008032a6                rcvD0_write_index
 .bss.rcvC1_write_index
                0x008032a8        0x2 Source/lib/serial/rs232int.o
                0x008032a8                rcvC1_write_index
 .bss.rcvC0_write_index
                0x008032aa        0x2 Source/lib/serial/rs232int.o
                0x008032aa                rcvC0_write_index
 .bss.rcvE0_read_index
                0x008032ac        0x2 Source/lib/serial/rs232int.o
                0x008032ac                rcvE0_read_index
 .bss.rcvD1_read_index
                0x008032ae        0x2 Source/lib/serial/rs232int.o
                0x008032ae                rcvD1_read_index
 .bss.rcvD0_read_index
                0x008032b0        0x2 Source/lib/serial/rs232int.o
                0x008032b0                rcvD0_read_index
 .bss.rcvC1_read_index
                0x008032b2        0x2 Source/lib/serial/rs232int.o
                0x008032b2                rcvC1_read_index
 .bss.rcvC0_read_index
                0x008032b4        0x2 Source/lib/serial/rs232int.o
                0x008032b4                rcvC0_read_index
 .bss.rcvE0_buffer
                0x008032b6        0x2 Source/lib/serial/rs232int.o
                0x008032b6                rcvE0_buffer
 .bss.rcvD1_buffer
                0x008032b8        0x2 Source/lib/serial/rs232int.o
                0x008032b8                rcvD1_buffer
 .bss.rcvD0_buffer
                0x008032ba        0x2 Source/lib/serial/rs232int.o
                0x008032ba                rcvD0_buffer
 .bss.rcvC1_buffer
                0x008032bc        0x2 Source/lib/serial/rs232int.o
                0x008032bc                rcvC1_buffer
 .bss.rcvC0_buffer
                0x008032be        0x2 Source/lib/serial/rs232int.o
                0x008032be                rcvC0_buffer
 .bss.C_queue   0x008032c0        0xa Source/main.o
                0x008032c0                C_queue
 .bss.B_queue   0x008032ca        0xa Source/main.o
                0x008032ca                B_queue
 .bss.A_queue   0x008032d4        0xa Source/main.o
                0x008032d4                A_queue
 .bss.ang_queue
                0x008032de        0xa Source/main.o
                0x008032de                ang_queue
 .bss.time_queue
                0x008032e8        0xa Source/main.o
                0x008032e8                time_queue
 .bss.print_ser_queue
                0x008032f2       0x10 Source/main.o
                0x008032f2                print_ser_queue
 *(COMMON)
 COMMON         0x00803302        0x2 Source/lib/freertos/port.o
                0x00803302                portStackTopForTask
                0x00803304                PROVIDE (__bss_end, .)
                0x00004efa                __data_load_start = LOADADDR (.data)
                0x00005130                __data_load_end = (__data_load_start + SIZEOF (.data))

.noinit         0x00803304        0x0
                [!provide]                PROVIDE (__noinit_start, .)
 *(.noinit*)
                [!provide]                PROVIDE (__noinit_end, .)
                0x00803304                _end = .
                [!provide]                PROVIDE (__heap_start, .)

.eeprom         0x00810000        0x0
 *(.eeprom*)
                0x00810000                __eeprom_end = .

.fuse
 *(.fuse)
 *(.lfuse)
 *(.hfuse)
 *(.efuse)

.lock
 *(.lock*)

.signature
 *(.signature*)

.user_signatures
 *(.user_signatures*)

.stab
 *(.stab)

.stabstr
 *(.stabstr)

.stab.excl
 *(.stab.excl)

.stab.exclstr
 *(.stab.exclstr)

.stab.index
 *(.stab.index)

.stab.indexstr
 *(.stab.indexstr)

.comment        0x00000000       0x30
 *(.comment)
 .comment       0x00000000       0x30 Source/I2CAgent.o
                                 0x31 (size before relaxing)
 .comment       0x00000030       0x31 Source/I2CMaster.o
 .comment       0x00000030       0x31 Source/MB1202.o
 .comment       0x00000030       0x31 Source/MMA8451.o
 .comment       0x00000030       0x31 Source/Packet.o
 .comment       0x00000030       0x31 Source/task_sensor.o
 .comment       0x00000030       0x31 Source/task_user.o
 .comment       0x00000030       0x31 Source/lib/freertos/heap_2.o
 .comment       0x00000030       0x31 Source/lib/freertos/list.o
 .comment       0x00000030       0x31 Source/lib/freertos/port.o
 .comment       0x00000030       0x31 Source/lib/freertos/queue.o
 .comment       0x00000030       0x31 Source/lib/freertos/tasks.o
 .comment       0x00000030       0x31 Source/lib/frtcpp/frt_task.o
 .comment       0x00000030       0x31 Source/lib/frtcpp/frt_task_stackprt.o
 .comment       0x00000030       0x31 Source/lib/frtcpp/frt_task_status.o
 .comment       0x00000030       0x31 Source/lib/frtcpp/frt_text_queue.o
 .comment       0x00000030       0x31 Source/lib/frtcpp/time_stamp_get_us.o
 .comment       0x00000030       0x31 Source/lib/frtcpp/time_stamp_lshift.o
 .comment       0x00000030       0x31 Source/lib/frtcpp/time_stamp_to_now.o
 .comment       0x00000030       0x31 Source/lib/misc/hex_dump_memory.o
 .comment       0x00000030       0x31 Source/lib/misc/mechutil.o
 .comment       0x00000030       0x31 Source/lib/serial/base232.o
 .comment       0x00000030       0x31 Source/lib/serial/emstream.o
 .comment       0x00000030       0x31 Source/lib/serial/emstream_uint16_t.o
 .comment       0x00000030       0x31 Source/lib/serial/emstream_uint32_t.o
 .comment       0x00000030       0x31 Source/lib/serial/emstream_uint8_t.o
 .comment       0x00000030       0x31 Source/lib/serial/rs232int.o
 .comment       0x00000030       0x31 Source/main.o

.note.gnu.avr.deviceinfo
                0x00000000       0x40
 .note.gnu.avr.deviceinfo
                0x00000000       0x40 C:/Program Files (x86)/Atmel/Studio/7.0/Packs/atmel/XMEGAA_DFP/1.1.68/gcc/dev/atxmega128a4u/avrxmega7/crtatxmega128a4u.o

.note.gnu.build-id
 *(.note.gnu.build-id)

.debug
 *(.debug)

.line
 *(.line)

.debug_srcinfo
 *(.debug_srcinfo)

.debug_sfnames
 *(.debug_sfnames)

.debug_aranges  0x00000000      0xa78
 *(.debug_aranges)
 .debug_aranges
                0x00000000       0x48 Source/I2CAgent.o
 .debug_aranges
                0x00000048      0x140 Source/I2CMaster.o
 .debug_aranges
                0x00000188       0xd8 Source/MB1202.o
 .debug_aranges
                0x00000260       0xf0 Source/MMA8451.o
 .debug_aranges
                0x00000350       0x20 Source/Packet.o
 .debug_aranges
                0x00000370       0x28 Source/task_sensor.o
 .debug_aranges
                0x00000398       0x38 Source/task_user.o
 .debug_aranges
                0x000003d0       0x38 Source/lib/freertos/heap_2.o
 .debug_aranges
                0x00000408       0x40 Source/lib/freertos/list.o
 .debug_aranges
                0x00000448       0x48 Source/lib/freertos/port.o
 .debug_aranges
                0x00000490       0x98 Source/lib/freertos/queue.o
 .debug_aranges
                0x00000528       0xf0 Source/lib/freertos/tasks.o
 .debug_aranges
                0x00000618       0x40 Source/lib/frtcpp/frt_task.o
 .debug_aranges
                0x00000658       0x28 Source/lib/frtcpp/frt_task_stackprt.o
 .debug_aranges
                0x00000680       0x38 Source/lib/frtcpp/frt_task_status.o
 .debug_aranges
                0x000006b8       0x38 Source/lib/frtcpp/frt_text_queue.o
 .debug_aranges
                0x000006f0       0x20 Source/lib/frtcpp/time_stamp_get_us.o
 .debug_aranges
                0x00000710       0x20 Source/lib/frtcpp/time_stamp_lshift.o
 .debug_aranges
                0x00000730       0x20 Source/lib/frtcpp/time_stamp_to_now.o
 .debug_aranges
                0x00000750       0x20 Source/lib/misc/hex_dump_memory.o
 .debug_aranges
                0x00000770       0x60 Source/lib/misc/mechutil.o
 .debug_aranges
                0x000007d0       0x30 Source/lib/serial/base232.o
 .debug_aranges
                0x00000800       0x60 Source/lib/serial/emstream.o
 .debug_aranges
                0x00000860       0x20 Source/lib/serial/emstream_uint16_t.o
 .debug_aranges
                0x00000880       0x20 Source/lib/serial/emstream_uint32_t.o
 .debug_aranges
                0x000008a0       0x20 Source/lib/serial/emstream_uint8_t.o
 .debug_aranges
                0x000008c0       0x68 Source/lib/serial/rs232int.o
 .debug_aranges
                0x00000928      0x150 Source/main.o

.debug_pubnames
 *(.debug_pubnames)

.debug_info     0x00000000    0x1c7d3
 *(.debug_info .gnu.linkonce.wi.*)
 .debug_info    0x00000000     0x284f C:/Program Files (x86)/Atmel/Studio/7.0/Packs/atmel/XMEGAA_DFP/1.1.68/gcc/dev/atxmega128a4u/avrxmega7/crtatxmega128a4u.o
 .debug_info    0x0000284f     0x19c9 Source/I2CAgent.o
 .debug_info    0x00004218     0x3688 Source/I2CMaster.o
 .debug_info    0x000078a0     0x23a9 Source/MB1202.o
 .debug_info    0x00009c49     0x2825 Source/MMA8451.o
 .debug_info    0x0000c46e      0x8ec Source/Packet.o
 .debug_info    0x0000cd5a     0x1ccd Source/task_sensor.o
 .debug_info    0x0000ea27     0x1a7b Source/task_user.o
 .debug_info    0x000104a2      0x30f Source/lib/freertos/heap_2.o
 .debug_info    0x000107b1      0x2c5 Source/lib/freertos/list.o
 .debug_info    0x00010a76      0x275 Source/lib/freertos/port.o
 .debug_info    0x00010ceb      0xdde Source/lib/freertos/queue.o
 .debug_info    0x00011ac9     0x1301 Source/lib/freertos/tasks.o
 .debug_info    0x00012dca      0x9eb Source/lib/frtcpp/frt_task.o
 .debug_info    0x000137b5      0x640 Source/lib/frtcpp/frt_task_stackprt.o
 .debug_info    0x00013df5     0x10e6 Source/lib/frtcpp/frt_task_status.o
 .debug_info    0x00014edb      0x410 Source/lib/frtcpp/frt_text_queue.o
 .debug_info    0x000152eb      0x3ab Source/lib/frtcpp/time_stamp_get_us.o
 .debug_info    0x00015696      0x5ae Source/lib/frtcpp/time_stamp_lshift.o
 .debug_info    0x00015c44      0x9a8 Source/lib/frtcpp/time_stamp_to_now.o
 .debug_info    0x000165ec      0x515 Source/lib/misc/hex_dump_memory.o
 .debug_info    0x00016b01      0x29c Source/lib/misc/mechutil.o
 .debug_info    0x00016d9d      0x482 Source/lib/serial/base232.o
 .debug_info    0x0001721f      0xa2f Source/lib/serial/emstream.o
 .debug_info    0x00017c4e      0x2b8 Source/lib/serial/emstream_uint16_t.o
 .debug_info    0x00017f06      0x2e0 Source/lib/serial/emstream_uint32_t.o
 .debug_info    0x000181e6      0x2d8 Source/lib/serial/emstream_uint8_t.o
 .debug_info    0x000184be      0x8db Source/lib/serial/rs232int.o
 .debug_info    0x00018d99     0x3a3a Source/main.o

.debug_abbrev   0x00000000     0x727b
 *(.debug_abbrev)
 .debug_abbrev  0x00000000     0x262c C:/Program Files (x86)/Atmel/Studio/7.0/Packs/atmel/XMEGAA_DFP/1.1.68/gcc/dev/atxmega128a4u/avrxmega7/crtatxmega128a4u.o
 .debug_abbrev  0x0000262c      0x427 Source/I2CAgent.o
 .debug_abbrev  0x00002a53      0x5e0 Source/I2CMaster.o
 .debug_abbrev  0x00003033      0x55c Source/MB1202.o
 .debug_abbrev  0x0000358f      0x53f Source/MMA8451.o
 .debug_abbrev  0x00003ace      0x295 Source/Packet.o
 .debug_abbrev  0x00003d63      0x4cf Source/task_sensor.o
 .debug_abbrev  0x00004232      0x389 Source/task_user.o
 .debug_abbrev  0x000045bb      0x1a9 Source/lib/freertos/heap_2.o
 .debug_abbrev  0x00004764       0xf6 Source/lib/freertos/list.o
 .debug_abbrev  0x0000485a      0x16b Source/lib/freertos/port.o
 .debug_abbrev  0x000049c5      0x1f2 Source/lib/freertos/queue.o
 .debug_abbrev  0x00004bb7      0x2c2 Source/lib/freertos/tasks.o
 .debug_abbrev  0x00004e79      0x301 Source/lib/frtcpp/frt_task.o
 .debug_abbrev  0x0000517a      0x1fe Source/lib/frtcpp/frt_task_stackprt.o
 .debug_abbrev  0x00005378      0x354 Source/lib/frtcpp/frt_task_status.o
 .debug_abbrev  0x000056cc      0x1ec Source/lib/frtcpp/frt_text_queue.o
 .debug_abbrev  0x000058b8      0x109 Source/lib/frtcpp/time_stamp_get_us.o
 .debug_abbrev  0x000059c1      0x234 Source/lib/frtcpp/time_stamp_lshift.o
 .debug_abbrev  0x00005bf5      0x19c Source/lib/frtcpp/time_stamp_to_now.o
 .debug_abbrev  0x00005d91      0x180 Source/lib/misc/hex_dump_memory.o
 .debug_abbrev  0x00005f11      0x12e Source/lib/misc/mechutil.o
 .debug_abbrev  0x0000603f      0x182 Source/lib/serial/base232.o
 .debug_abbrev  0x000061c1      0x344 Source/lib/serial/emstream.o
 .debug_abbrev  0x00006505      0x1b7 Source/lib/serial/emstream_uint16_t.o
 .debug_abbrev  0x000066bc      0x1b7 Source/lib/serial/emstream_uint32_t.o
 .debug_abbrev  0x00006873      0x1a6 Source/lib/serial/emstream_uint8_t.o
 .debug_abbrev  0x00006a19      0x29f Source/lib/serial/rs232int.o
 .debug_abbrev  0x00006cb8      0x5c3 Source/main.o

.debug_line     0x00000000     0x6921
 *(.debug_line .debug_line.* .debug_line_end)
 .debug_line    0x00000000      0x3b5 C:/Program Files (x86)/Atmel/Studio/7.0/Packs/atmel/XMEGAA_DFP/1.1.68/gcc/dev/atxmega128a4u/avrxmega7/crtatxmega128a4u.o
 .debug_line    0x000003b5      0x31e Source/I2CAgent.o
 .debug_line    0x000006d3      0xd05 Source/I2CMaster.o
 .debug_line    0x000013d8      0x59d Source/MB1202.o
 .debug_line    0x00001975      0x661 Source/MMA8451.o
 .debug_line    0x00001fd6      0x1a5 Source/Packet.o
 .debug_line    0x0000217b      0x2e9 Source/task_sensor.o
 .debug_line    0x00002464      0x57c Source/task_user.o
 .debug_line    0x000029e0      0x25f Source/lib/freertos/heap_2.o
 .debug_line    0x00002c3f      0x17b Source/lib/freertos/list.o
 .debug_line    0x00002dba      0x31d Source/lib/freertos/port.o
 .debug_line    0x000030d7      0x725 Source/lib/freertos/queue.o
 .debug_line    0x000037fc      0x9dc Source/lib/freertos/tasks.o
 .debug_line    0x000041d8      0x367 Source/lib/frtcpp/frt_task.o
 .debug_line    0x0000453f      0x210 Source/lib/frtcpp/frt_task_stackprt.o
 .debug_line    0x0000474f      0x39f Source/lib/frtcpp/frt_task_status.o
 .debug_line    0x00004aee      0x17d Source/lib/frtcpp/frt_text_queue.o
 .debug_line    0x00004c6b       0xfc Source/lib/frtcpp/time_stamp_get_us.o
 .debug_line    0x00004d67      0x167 Source/lib/frtcpp/time_stamp_lshift.o
 .debug_line    0x00004ece      0x179 Source/lib/frtcpp/time_stamp_to_now.o
 .debug_line    0x00005047      0x24d Source/lib/misc/hex_dump_memory.o
 .debug_line    0x00005294      0x1c9 Source/lib/misc/mechutil.o
 .debug_line    0x0000545d      0x230 Source/lib/serial/base232.o
 .debug_line    0x0000568d      0x2b4 Source/lib/serial/emstream.o
 .debug_line    0x00005941      0x10e Source/lib/serial/emstream_uint16_t.o
 .debug_line    0x00005a4f      0x10e Source/lib/serial/emstream_uint32_t.o
 .debug_line    0x00005b5d      0x185 Source/lib/serial/emstream_uint8_t.o
 .debug_line    0x00005ce2      0x3f5 Source/lib/serial/rs232int.o
 .debug_line    0x000060d7      0x84a Source/main.o

.debug_frame    0x00000000     0x1f98
 *(.debug_frame)
 .debug_frame   0x00000000       0xc0 Source/I2CAgent.o
 .debug_frame   0x000000c0      0x4bc Source/I2CMaster.o
 .debug_frame   0x0000057c      0x2a4 Source/MB1202.o
 .debug_frame   0x00000820      0x2e8 Source/MMA8451.o
 .debug_frame   0x00000b08       0x30 Source/Packet.o
 .debug_frame   0x00000b38       0x5c Source/task_sensor.o
 .debug_frame   0x00000b94       0xc4 Source/task_user.o
 .debug_frame   0x00000c58       0x7c Source/lib/freertos/heap_2.o
 .debug_frame   0x00000cd4       0x84 Source/lib/freertos/list.o
 .debug_frame   0x00000d58       0x74 Source/lib/freertos/port.o
 .debug_frame   0x00000dcc      0x20c Source/lib/freertos/queue.o
 .debug_frame   0x00000fd8      0x380 Source/lib/freertos/tasks.o
 .debug_frame   0x00001358       0xbc Source/lib/frtcpp/frt_task.o
 .debug_frame   0x00001414       0x70 Source/lib/frtcpp/frt_task_stackprt.o
 .debug_frame   0x00001484       0xc4 Source/lib/frtcpp/frt_task_status.o
 .debug_frame   0x00001548       0xbc Source/lib/frtcpp/frt_text_queue.o
 .debug_frame   0x00001604       0x44 Source/lib/frtcpp/time_stamp_get_us.o
 .debug_frame   0x00001648       0x54 Source/lib/frtcpp/time_stamp_lshift.o
 .debug_frame   0x0000169c       0x30 Source/lib/frtcpp/time_stamp_to_now.o
 .debug_frame   0x000016cc       0x70 Source/lib/misc/hex_dump_memory.o
 .debug_frame   0x0000173c       0xa4 Source/lib/misc/mechutil.o
 .debug_frame   0x000017e0       0x50 Source/lib/serial/base232.o
 .debug_frame   0x00001830       0xc4 Source/lib/serial/emstream.o
 .debug_frame   0x000018f4       0x44 Source/lib/serial/emstream_uint16_t.o
 .debug_frame   0x00001938       0x50 Source/lib/serial/emstream_uint32_t.o
 .debug_frame   0x00001988       0x54 Source/lib/serial/emstream_uint8_t.o
 .debug_frame   0x000019dc      0x1b4 Source/lib/serial/rs232int.o
 .debug_frame   0x00001b90      0x408 Source/main.o

.debug_str      0x00000000     0x71c9
 *(.debug_str)
 .debug_str     0x00000000     0x1aa8 C:/Program Files (x86)/Atmel/Studio/7.0/Packs/atmel/XMEGAA_DFP/1.1.68/gcc/dev/atxmega128a4u/avrxmega7/crtatxmega128a4u.o
 .debug_str     0x00001aa8     0x12d8 Source/I2CAgent.o
                               0x13db (size before relaxing)
 .debug_str     0x00002d80      0x923 Source/I2CMaster.o
                               0x1a19 (size before relaxing)
 .debug_str     0x000036a3      0x32e Source/MB1202.o
                               0x1642 (size before relaxing)
 .debug_str     0x000039d1      0x387 Source/MMA8451.o
                               0x1808 (size before relaxing)
 .debug_str     0x00003d58       0x15 Source/Packet.o
                                0x8c6 (size before relaxing)
 .debug_str     0x00003d6d      0x45f Source/task_sensor.o
                               0x17da (size before relaxing)
 .debug_str     0x000041cc      0x502 Source/task_user.o
                                0xb56 (size before relaxing)
 .debug_str     0x000046ce      0x281 Source/lib/freertos/heap_2.o
                                0x32e (size before relaxing)
 .debug_str     0x0000494f      0x131 Source/lib/freertos/list.o
                                0x2df (size before relaxing)
 .debug_str     0x00004a80      0x11f Source/lib/freertos/port.o
                                0x2c2 (size before relaxing)
 .debug_str     0x00004b9f      0x372 Source/lib/freertos/queue.o
                                0x6de (size before relaxing)
 .debug_str     0x00004f11      0x523 Source/lib/freertos/tasks.o
                                0x9b5 (size before relaxing)
 .debug_str     0x00005434      0x130 Source/lib/frtcpp/frt_task.o
                                0x522 (size before relaxing)
 .debug_str     0x00005564       0xe2 Source/lib/frtcpp/frt_task_stackprt.o
                                0x44a (size before relaxing)
 .debug_str     0x00005646      0x3fc Source/lib/frtcpp/frt_task_status.o
                                0x9c2 (size before relaxing)
 .debug_str     0x00005a42      0x12f Source/lib/frtcpp/frt_text_queue.o
                                0x434 (size before relaxing)
 .debug_str     0x00005b71       0x2b Source/lib/frtcpp/time_stamp_get_us.o
                                0x4fc (size before relaxing)
 .debug_str     0x00005b9c       0x5f Source/lib/frtcpp/time_stamp_lshift.o
                                0x5c1 (size before relaxing)
 .debug_str     0x00005bfb       0x2b Source/lib/frtcpp/time_stamp_to_now.o
                                0x7df (size before relaxing)
 .debug_str     0x00005c26       0x8a Source/lib/misc/hex_dump_memory.o
                                0x390 (size before relaxing)
 .debug_str     0x00005cb0       0xc9 Source/lib/misc/mechutil.o
                                0x2cb (size before relaxing)
 .debug_str     0x00005d79      0x138 Source/lib/serial/base232.o
                                0x407 (size before relaxing)
 .debug_str     0x00005eb1      0x420 Source/lib/serial/emstream.o
                                0x7bb (size before relaxing)
 .debug_str     0x000062d1       0x67 Source/lib/serial/emstream_uint16_t.o
                                0x299 (size before relaxing)
 .debug_str     0x00006338       0x42 Source/lib/serial/emstream_uint32_t.o
                                0x29c (size before relaxing)
 .debug_str     0x0000637a       0x3a Source/lib/serial/emstream_uint8_t.o
                                0x286 (size before relaxing)
 .debug_str     0x000063b4      0x293 Source/lib/serial/rs232int.o
                                0x6cb (size before relaxing)
 .debug_str     0x00006647      0xb82 Source/main.o
                               0x21de (size before relaxing)

.debug_loc      0x00000000     0xa1ce
 *(.debug_loc)
 .debug_loc     0x00000000      0x35a Source/I2CAgent.o
 .debug_loc     0x0000035a     0x1dea Source/I2CMaster.o
 .debug_loc     0x00002144      0xd2b Source/MB1202.o
 .debug_loc     0x00002e6f     0x1063 Source/MMA8451.o
 .debug_loc     0x00003ed2       0x65 Source/Packet.o
 .debug_loc     0x00003f37      0x1ee Source/task_sensor.o
 .debug_loc     0x00004125      0x602 Source/task_user.o
 .debug_loc     0x00004727      0x2b1 Source/lib/freertos/heap_2.o
 .debug_loc     0x000049d8      0x136 Source/lib/freertos/list.o
 .debug_loc     0x00004b0e      0x29b Source/lib/freertos/port.o
 .debug_loc     0x00004da9      0xd6d Source/lib/freertos/queue.o
 .debug_loc     0x00005b16     0x1159 Source/lib/freertos/tasks.o
 .debug_loc     0x00006c6f      0x434 Source/lib/frtcpp/frt_task.o
 .debug_loc     0x000070a3      0x240 Source/lib/frtcpp/frt_task_stackprt.o
 .debug_loc     0x000072e3      0x56e Source/lib/frtcpp/frt_task_status.o
 .debug_loc     0x00007851      0x2fe Source/lib/frtcpp/frt_text_queue.o
 .debug_loc     0x00007b4f       0x63 Source/lib/frtcpp/time_stamp_get_us.o
 .debug_loc     0x00007bb2      0x19d Source/lib/frtcpp/time_stamp_lshift.o
 .debug_loc     0x00007d4f       0x67 Source/lib/frtcpp/time_stamp_to_now.o
 .debug_loc     0x00007db6      0x3e2 Source/lib/misc/hex_dump_memory.o
 .debug_loc     0x00008198       0xe6 Source/lib/misc/mechutil.o
 .debug_loc     0x0000827e      0x143 Source/lib/serial/base232.o
 .debug_loc     0x000083c1      0x305 Source/lib/serial/emstream.o
 .debug_loc     0x000086c6      0x12f Source/lib/serial/emstream_uint16_t.o
 .debug_loc     0x000087f5      0x171 Source/lib/serial/emstream_uint32_t.o
 .debug_loc     0x00008966      0x1cf Source/lib/serial/emstream_uint8_t.o
 .debug_loc     0x00008b35      0x4f2 Source/lib/serial/rs232int.o
 .debug_loc     0x00009027     0x11a7 Source/main.o

.debug_macinfo
 *(.debug_macinfo)

.debug_weaknames
 *(.debug_weaknames)

.debug_funcnames
 *(.debug_funcnames)

.debug_typenames
 *(.debug_typenames)

.debug_varnames
 *(.debug_varnames)

.debug_pubtypes
 *(.debug_pubtypes)

.debug_ranges   0x00000000      0x9d0
 *(.debug_ranges)
 .debug_ranges  0x00000000       0x68 Source/I2CAgent.o
 .debug_ranges  0x00000068      0x1b8 Source/I2CMaster.o
 .debug_ranges  0x00000220       0xc8 Source/MB1202.o
 .debug_ranges  0x000002e8       0xe0 Source/MMA8451.o
 .debug_ranges  0x000003c8       0x10 Source/Packet.o
 .debug_ranges  0x000003d8       0x18 Source/task_sensor.o
 .debug_ranges  0x000003f0       0x28 Source/task_user.o
 .debug_ranges  0x00000418       0x28 Source/lib/freertos/heap_2.o
 .debug_ranges  0x00000440       0x30 Source/lib/freertos/list.o
 .debug_ranges  0x00000470       0x38 Source/lib/freertos/port.o
 .debug_ranges  0x000004a8       0x88 Source/lib/freertos/queue.o
 .debug_ranges  0x00000530      0x110 Source/lib/freertos/tasks.o
 .debug_ranges  0x00000640       0x30 Source/lib/frtcpp/frt_task.o
 .debug_ranges  0x00000670       0x18 Source/lib/frtcpp/frt_task_stackprt.o
 .debug_ranges  0x00000688       0x28 Source/lib/frtcpp/frt_task_status.o
 .debug_ranges  0x000006b0       0x28 Source/lib/frtcpp/frt_text_queue.o
 .debug_ranges  0x000006d8       0x10 Source/lib/frtcpp/time_stamp_get_us.o
 .debug_ranges  0x000006e8       0x10 Source/lib/frtcpp/time_stamp_lshift.o
 .debug_ranges  0x000006f8       0x10 Source/lib/frtcpp/time_stamp_to_now.o
 .debug_ranges  0x00000708       0x10 Source/lib/misc/hex_dump_memory.o
 .debug_ranges  0x00000718       0x50 Source/lib/misc/mechutil.o
 .debug_ranges  0x00000768       0x20 Source/lib/serial/base232.o
 .debug_ranges  0x00000788       0x68 Source/lib/serial/emstream.o
 .debug_ranges  0x000007f0       0x10 Source/lib/serial/emstream_uint16_t.o
 .debug_ranges  0x00000800       0x10 Source/lib/serial/emstream_uint32_t.o
 .debug_ranges  0x00000810       0x10 Source/lib/serial/emstream_uint8_t.o
 .debug_ranges  0x00000820       0x70 Source/lib/serial/rs232int.o
 .debug_ranges  0x00000890      0x140 Source/main.o

.debug_macro
 *(.debug_macro)
OUTPUT(FREERTOS_SHELL.elf elf32-avr)
LOAD linker stubs
