Archive member included to satisfy reference by file (symbol)

c:/program files (x86)/atmel/studio/7.0/toolchain/avr8/avr8-gnu-toolchain/bin/../lib/gcc/avr/5.4.0/../../../../avr/lib/avrxmega7\libm.a(addsf3.o)
                              Source/lib/frtcpp/time_stamp_to_float.o (__addsf3)
c:/program files (x86)/atmel/studio/7.0/toolchain/avr8/avr8-gnu-toolchain/bin/../lib/gcc/avr/5.4.0/../../../../avr/lib/avrxmega7\libm.a(addsf3x.o)
                              c:/program files (x86)/atmel/studio/7.0/toolchain/avr8/avr8-gnu-toolchain/bin/../lib/gcc/avr/5.4.0/../../../../avr/lib/avrxmega7\libm.a(addsf3.o) (__addsf3x)
c:/program files (x86)/atmel/studio/7.0/toolchain/avr8/avr8-gnu-toolchain/bin/../lib/gcc/avr/5.4.0/../../../../avr/lib/avrxmega7\libm.a(divsf3.o)
                              Source/lib/frtcpp/time_stamp_to_float.o (__divsf3)
c:/program files (x86)/atmel/studio/7.0/toolchain/avr8/avr8-gnu-toolchain/bin/../lib/gcc/avr/5.4.0/../../../../avr/lib/avrxmega7\libm.a(divsf3x.o)
                              c:/program files (x86)/atmel/studio/7.0/toolchain/avr8/avr8-gnu-toolchain/bin/../lib/gcc/avr/5.4.0/../../../../avr/lib/avrxmega7\libm.a(divsf3.o) (__divsf3x)
c:/program files (x86)/atmel/studio/7.0/toolchain/avr8/avr8-gnu-toolchain/bin/../lib/gcc/avr/5.4.0/../../../../avr/lib/avrxmega7\libm.a(floatsisf.o)
                              Source/lib/frtcpp/time_stamp_to_float.o (__floatunsisf)
c:/program files (x86)/atmel/studio/7.0/toolchain/avr8/avr8-gnu-toolchain/bin/../lib/gcc/avr/5.4.0/../../../../avr/lib/avrxmega7\libm.a(fp_inf.o)
                              c:/program files (x86)/atmel/studio/7.0/toolchain/avr8/avr8-gnu-toolchain/bin/../lib/gcc/avr/5.4.0/../../../../avr/lib/avrxmega7\libm.a(addsf3x.o) (__fp_inf)
c:/program files (x86)/atmel/studio/7.0/toolchain/avr8/avr8-gnu-toolchain/bin/../lib/gcc/avr/5.4.0/../../../../avr/lib/avrxmega7\libm.a(fp_nan.o)
                              c:/program files (x86)/atmel/studio/7.0/toolchain/avr8/avr8-gnu-toolchain/bin/../lib/gcc/avr/5.4.0/../../../../avr/lib/avrxmega7\libm.a(addsf3x.o) (__fp_nan)
c:/program files (x86)/atmel/studio/7.0/toolchain/avr8/avr8-gnu-toolchain/bin/../lib/gcc/avr/5.4.0/../../../../avr/lib/avrxmega7\libm.a(fp_pscA.o)
                              c:/program files (x86)/atmel/studio/7.0/toolchain/avr8/avr8-gnu-toolchain/bin/../lib/gcc/avr/5.4.0/../../../../avr/lib/avrxmega7\libm.a(addsf3x.o) (__fp_pscA)
c:/program files (x86)/atmel/studio/7.0/toolchain/avr8/avr8-gnu-toolchain/bin/../lib/gcc/avr/5.4.0/../../../../avr/lib/avrxmega7\libm.a(fp_pscB.o)
                              c:/program files (x86)/atmel/studio/7.0/toolchain/avr8/avr8-gnu-toolchain/bin/../lib/gcc/avr/5.4.0/../../../../avr/lib/avrxmega7\libm.a(addsf3x.o) (__fp_pscB)
c:/program files (x86)/atmel/studio/7.0/toolchain/avr8/avr8-gnu-toolchain/bin/../lib/gcc/avr/5.4.0/../../../../avr/lib/avrxmega7\libm.a(fp_round.o)
                              c:/program files (x86)/atmel/studio/7.0/toolchain/avr8/avr8-gnu-toolchain/bin/../lib/gcc/avr/5.4.0/../../../../avr/lib/avrxmega7\libm.a(addsf3.o) (__fp_round)
c:/program files (x86)/atmel/studio/7.0/toolchain/avr8/avr8-gnu-toolchain/bin/../lib/gcc/avr/5.4.0/../../../../avr/lib/avrxmega7\libm.a(fp_split3.o)
                              c:/program files (x86)/atmel/studio/7.0/toolchain/avr8/avr8-gnu-toolchain/bin/../lib/gcc/avr/5.4.0/../../../../avr/lib/avrxmega7\libm.a(addsf3x.o) (__fp_split3)
c:/program files (x86)/atmel/studio/7.0/toolchain/avr8/avr8-gnu-toolchain/bin/../lib/gcc/avr/5.4.0/../../../../avr/lib/avrxmega7\libm.a(fp_zero.o)
                              c:/program files (x86)/atmel/studio/7.0/toolchain/avr8/avr8-gnu-toolchain/bin/../lib/gcc/avr/5.4.0/../../../../avr/lib/avrxmega7\libm.a(addsf3x.o) (__fp_zero)
c:/program files (x86)/atmel/studio/7.0/toolchain/avr8/avr8-gnu-toolchain/bin/../lib/gcc/avr/5.4.0/avrxmega7\libgcc.a(_mulsi3.o)
                              Source/lib/frtcpp/time_stamp_get_us.o (__mulsi3)
c:/program files (x86)/atmel/studio/7.0/toolchain/avr8/avr8-gnu-toolchain/bin/../lib/gcc/avr/5.4.0/avrxmega7\libgcc.a(_udivmodsi4.o)
                              Source/I2CMaster.o (__udivmodsi4)
c:/program files (x86)/atmel/studio/7.0/toolchain/avr8/avr8-gnu-toolchain/bin/../lib/gcc/avr/5.4.0/avrxmega7\libgcc.a(_divmodsi4.o)
                              Source/lib/frtcpp/time_stamp_lshift.o (__divmodsi4)
c:/program files (x86)/atmel/studio/7.0/toolchain/avr8/avr8-gnu-toolchain/bin/../lib/gcc/avr/5.4.0/avrxmega7\libgcc.a(_negsi2.o)
                              c:/program files (x86)/atmel/studio/7.0/toolchain/avr8/avr8-gnu-toolchain/bin/../lib/gcc/avr/5.4.0/avrxmega7\libgcc.a(_divmodsi4.o) (__negsi2)
c:/program files (x86)/atmel/studio/7.0/toolchain/avr8/avr8-gnu-toolchain/bin/../lib/gcc/avr/5.4.0/avrxmega7\libgcc.a(_exit.o)
                              C:/Program Files (x86)/Atmel/Studio/7.0/Packs/atmel/XMEGAA_DFP/1.1.68/gcc/dev/atxmega128a4u/avrxmega7/crtatxmega128a4u.o (exit)
[...]
Memory Configuration

Name             Origin             Length             Attributes
text             0x00000000         0x00100000         xr
data             0x00802000         0x0000ffa0         rw !x
eeprom           0x00810000         0x00010000         rw !x
fuse             0x00820000         0x00000006         rw !x
lock             0x00830000         0x00000400         rw !x
signature        0x00840000         0x00000400         rw !x
user_signatures  0x00850000         0x00000400         rw !x
*default*        0x00000000         0xffffffff

Linker script and memory map

LOAD C:/Program Files (x86)/Atmel/Studio/7.0/Packs/atmel/XMEGAA_DFP/1.1.68/gcc/dev/atxmega128a4u/avrxmega7/crtatxmega128a4u.o
LOAD Source/I2CAgent.o
LOAD Source/I2CMaster.o
LOAD Source/lib/freertos/croutine.o
LOAD Source/MB1202.o
LOAD Source/Packet.o
LOAD Source/task_sonar.o
LOAD Source/task_user.o
LOAD Source/lib/freertos/heap_2.o
LOAD Source/lib/freertos/list.o
LOAD Source/lib/freertos/port.o
LOAD Source/lib/freertos/queue.o
LOAD Source/lib/freertos/tasks.o
LOAD Source/lib/frtcpp/base_data_receiver.o
LOAD Source/lib/frtcpp/frt_task.o
LOAD Source/lib/frtcpp/frt_task_stackprt.o
LOAD Source/lib/frtcpp/frt_task_status.o
LOAD Source/lib/frtcpp/frt_text_queue.o
LOAD Source/lib/frtcpp/func_get_run_time_counter.o
LOAD Source/lib/frtcpp/time_stamp_equal.o
LOAD Source/lib/frtcpp/time_stamp_get_us.o
LOAD Source/lib/frtcpp/time_stamp_greater.o
LOAD Source/lib/frtcpp/time_stamp_greater_eq.o
LOAD Source/lib/frtcpp/time_stamp_less.o
LOAD Source/lib/frtcpp/time_stamp_less_eq.o
LOAD Source/lib/frtcpp/time_stamp_lshift.o
LOAD Source/lib/frtcpp/time_stamp_minus.o
LOAD Source/lib/frtcpp/time_stamp_minus_eq.o
LOAD Source/lib/frtcpp/time_stamp_not_equal.o
LOAD Source/lib/frtcpp/time_stamp_plus.o
LOAD Source/lib/frtcpp/time_stamp_plus_eq.o
LOAD Source/lib/frtcpp/time_stamp_tick_res_time.o
LOAD Source/lib/frtcpp/time_stamp_to_float.o
LOAD Source/lib/frtcpp/time_stamp_to_now.o
LOAD Source/lib/frtcpp/time_stamp_to_now_ISR.o
LOAD Source/lib/misc/hex_dump_memory.o
LOAD Source/lib/misc/mechutil.o
LOAD Source/lib/serial/base232.o
LOAD Source/lib/serial/emstream.o
LOAD Source/lib/serial/emstream_bool.o
LOAD Source/lib/serial/emstream_float.o
LOAD Source/lib/serial/emstream_hex_receive.o
LOAD Source/lib/serial/emstream_hex_send.o
LOAD Source/lib/serial/emstream_int16_t.o
LOAD Source/lib/serial/emstream_int32_t.o
LOAD Source/lib/serial/emstream_int8_t.o
LOAD Source/lib/serial/emstream_pointer.o
LOAD Source/lib/serial/emstream_uint16_t.o
LOAD Source/lib/serial/emstream_uint32_t.o
LOAD Source/lib/serial/emstream_uint64_t.o
LOAD Source/lib/serial/emstream_uint8_t.o
LOAD Source/lib/serial/rs232int.o
LOAD Source/main.o
START GROUP
LOAD c:/program files (x86)/atmel/studio/7.0/toolchain/avr8/avr8-gnu-toolchain/bin/../lib/gcc/avr/5.4.0/../../../../avr/lib/avrxmega7\libm.a
END GROUP
LOAD c:/program files (x86)/atmel/studio/7.0/toolchain/avr8/avr8-gnu-toolchain/bin/../lib/gcc/avr/5.4.0/avrxmega7\libgcc.a
LOAD c:/program files (x86)/atmel/studio/7.0/toolchain/avr8/avr8-gnu-toolchain/bin/../lib/gcc/avr/5.4.0/../../../../avr/lib/avrxmega7\libm.a
START GROUP
LOAD c:/program files (x86)/atmel/studio/7.0/toolchain/avr8/avr8-gnu-toolchain/bin/../lib/gcc/avr/5.4.0/avrxmega7\libgcc.a
LOAD c:/program files (x86)/atmel/studio/7.0/toolchain/avr8/avr8-gnu-toolchain/bin/../lib/gcc/avr/5.4.0/../../../../avr/lib/avrxmega7\libm.a
LOAD c:/program files (x86)/atmel/studio/7.0/toolchain/avr8/avr8-gnu-toolchain/bin/../lib/gcc/avr/5.4.0/../../../../avr/lib/avrxmega7\libc.a
LOAD C:/Program Files (x86)/Atmel/Studio/7.0/Packs/atmel/XMEGAA_DFP/1.1.68/gcc/dev/atxmega128a4u/avrxmega7\libatxmega128a4u.a
END GROUP
                0x00100000                __TEXT_REGION_LENGTH__ = DEFINED (__TEXT_REGION_LENGTH__)?__TEXT_REGION_LENGTH__:0x100000
                0x0000ffa0                __DATA_REGION_LENGTH__ = DEFINED (__DATA_REGION_LENGTH__)?__DATA_REGION_LENGTH__:0xffa0
                0x00010000                __EEPROM_REGION_LENGTH__ = DEFINED (__EEPROM_REGION_LENGTH__)?__EEPROM_REGION_LENGTH__:0x10000
                [0x00000006]                __FUSE_REGION_LENGTH__ = DEFINED (__FUSE_REGION_LENGTH__)?__FUSE_REGION_LENGTH__:0x400
                0x00000400                __LOCK_REGION_LENGTH__ = DEFINED (__LOCK_REGION_LENGTH__)?__LOCK_REGION_LENGTH__:0x400
                0x00000400                __SIGNATURE_REGION_LENGTH__ = DEFINED (__SIGNATURE_REGION_LENGTH__)?__SIGNATURE_REGION_LENGTH__:0x400
                0x00000400                __USER_SIGNATURE_REGION_LENGTH__ = DEFINED (__USER_SIGNATURE_REGION_LENGTH__)?__USER_SIGNATURE_REGION_LENGTH__:0x400

.hash
 *(.hash)

.dynsym
 *(.dynsym)

.dynstr
 *(.dynstr)

.gnu.version
 *(.gnu.version)

.gnu.version_d
 *(.gnu.version_d)

.gnu.version_r
 *(.gnu.version_r)

.rel.init
 *(.rel.init)

.rela.init
 *(.rela.init)

.rel.text
 *(.rel.text)
 *(.rel.text.*)
 *(.rel.gnu.linkonce.t*)

.rela.text
 *(.rela.text)
 *(.rela.text.*)
 *(.rela.gnu.linkonce.t*)

.rel.fini
 *(.rel.fini)

.rela.fini
 *(.rela.fini)

.rel.rodata
 *(.rel.rodata)
 *(.rel.rodata.*)
 *(.rel.gnu.linkonce.r*)

.rela.rodata
 *(.rela.rodata)
 *(.rela.rodata.*)
 *(.rela.gnu.linkonce.r*)

.rel.data
 *(.rel.data)
 *(.rel.data.*)
 *(.rel.gnu.linkonce.d*)

.rela.data
 *(.rela.data)
 *(.rela.data.*)
 *(.rela.gnu.linkonce.d*)

.rel.ctors
 *(.rel.ctors)

.rela.ctors
 *(.rela.ctors)

.rel.dtors
 *(.rel.dtors)

.rela.dtors
 *(.rela.dtors)

.rel.got
 *(.rel.got)

.rela.got
 *(.rela.got)

.rel.bss
 *(.rel.bss)

.rela.bss
 *(.rela.bss)

.rel.plt
 *(.rel.plt)

.rela.plt
 *(.rela.plt)

.text           0x00000000     0x4df8
 *(.vectors)
 .vectors       0x00000000      0x1fc C:/Program Files (x86)/Atmel/Studio/7.0/Packs/atmel/XMEGAA_DFP/1.1.68/gcc/dev/atxmega128a4u/avrxmega7/crtatxmega128a4u.o
                0x00000000                __vector_default
                0x00000000                __vectors
 *(.vectors)
 *(.progmem.gcc*)
 .progmem.gcc_sw_table._ZN8emstreamlsE15ser_manipulator
                0x000001fc       0x16 Source/lib/serial/emstream.o
                0x00000212                . = ALIGN (0x2)
                0x00000212                __trampolines_start = .
 *(.trampolines)
 .trampolines   0x00000212      0x198 linker stubs
 *(.trampolines*)
                0x000003aa                __trampolines_end = .
 *libprintf_flt.a:*(.progmem.data)
 *libc.a:*(.progmem.data)
 *(.progmem*)
 .progmem.something
                0x000003aa        0x8 Source/task_sonar.o
 .progmem.something
                0x000003b2      0x1ba Source/task_user.o
 .progmem.something
                0x0000056c       0x4b Source/lib/frtcpp/frt_task.o
 .progmem.something
                0x000005b7       0x28 Source/lib/frtcpp/frt_task_stackprt.o
 .progmem.something
                0x000005df       0x72 Source/lib/frtcpp/frt_task_status.o
 .progmem.something
                0x00000651       0x13 Source/lib/misc/hex_dump_memory.o
                0x00000664                . = ALIGN (0x2)
 *(.jumptables)
 *(.jumptables*)
 *(.lowtext)
 .lowtext       0x00000664        0x4 Source/lib/frtcpp/frt_task.o
                0x00000664                _call_static_run_method
 *(.lowtext*)
                0x00000668                __ctors_start = .
 *(.ctors)
 .ctors         0x00000668        0x2 Source/main.o
                0x0000066a                __ctors_end = .
                0x0000066a                __dtors_start = .
 *(.dtors)
                0x0000066a                __dtors_end = .
 SORT(*)(.ctors)
 SORT(*)(.dtors)
 *(.init0)
 .init0         0x0000066a        0x0 C:/Program Files (x86)/Atmel/Studio/7.0/Packs/atmel/XMEGAA_DFP/1.1.68/gcc/dev/atxmega128a4u/avrxmega7/crtatxmega128a4u.o
                0x0000066a                __init
 *(.init0)
 *(.init1)
 *(.init1)
 *(.init2)
 .init2         0x0000066a       0x18 C:/Program Files (x86)/Atmel/Studio/7.0/Packs/atmel/XMEGAA_DFP/1.1.68/gcc/dev/atxmega128a4u/avrxmega7/crtatxmega128a4u.o
 *(.init2)
 *(.init3)
 *(.init3)
 *(.init4)
 .init4         0x00000682       0x1c c:/program files (x86)/atmel/studio/7.0/toolchain/avr8/avr8-gnu-toolchain/bin/../lib/gcc/avr/5.4.0/avrxmega7\libgcc.a(_copy_data.o)
                0x00000682                __do_copy_data
 .init4         0x0000069e       0x10 c:/program files (x86)/atmel/studio/7.0/toolchain/avr8/avr8-gnu-toolchain/bin/../lib/gcc/avr/5.4.0/avrxmega7\libgcc.a(_clear_bss.o)
                0x0000069e                __do_clear_bss
 *(.init4)
 *(.init5)
 *(.init5)
 *(.init6)
 .init6         0x000006ae       0x20 c:/program files (x86)/atmel/studio/7.0/toolchain/avr8/avr8-gnu-toolchain/bin/../lib/gcc/avr/5.4.0/avrxmega7\libgcc.a(_ctors.o)
                0x000006ae                __do_global_ctors
 *(.init6)
 *(.init7)
 *(.init7)
 *(.init8)
 *(.init8)
 *(.init9)
 .init9         0x000006ce        0x8 C:/Program Files (x86)/Atmel/Studio/7.0/Packs/atmel/XMEGAA_DFP/1.1.68/gcc/dev/atxmega128a4u/avrxmega7/crtatxmega128a4u.o
 *(.init9)
 *(.text)
 .text          0x000006d6        0x4 C:/Program Files (x86)/Atmel/Studio/7.0/Packs/atmel/XMEGAA_DFP/1.1.68/gcc/dev/atxmega128a4u/avrxmega7/crtatxmega128a4u.o
                0x000006d6                __vector_38
                0x000006d6                __vector_104
                0x000006d6                __vector_63
                0x000006d6                __vector_67
                0x000006d6                __vector_1
                0x000006d6                __vector_119
                0x000006d6                __vector_32
                0x000006d6                __vector_75
                0x000006d6                __vector_71
                0x000006d6                __vector_34
                0x000006d6                __vector_62
                0x000006d6                __vector_77
                0x000006d6                __vector_102
                0x000006d6                __vector_24
                0x000006d6                __vector_12
                0x000006d6                __vector_55
                0x000006d6                __vector_69
                0x000006d6                __vector_81
                0x000006d6                __vector_90
                0x000006d6                __vector_46
                0x000006d6                __bad_interrupt
                0x000006d6                __vector_122
                0x000006d6                __vector_72
                0x000006d6                __vector_114
                0x000006d6                __vector_6
                0x000006d6                __vector_110
                0x000006d6                __vector_31
                0x000006d6                __vector_92
                0x000006d6                __vector_35
                0x000006d6                __vector_78
                0x000006d6                __vector_74
                0x000006d6                __vector_117
                0x000006d6                __vector_39
                0x000006d6                __vector_107
                0x000006d6                __vector_3
                0x000006d6                __vector_105
                0x000006d6                __vector_98
                0x000006d6                __vector_23
                0x000006d6                __vector_68
                0x000006d6                __vector_30
                0x000006d6                __vector_73
                0x000006d6                __vector_45
                0x000006d6                __vector_93
                0x000006d6                __vector_61
                0x000006d6                __vector_11
                0x000006d6                __vector_54
                0x000006d6                __vector_99
                0x000006d6                __vector_13
                0x000006d6                __vector_17
                0x000006d6                __vector_19
                0x000006d6                __vector_56
                0x000006d6                __vector_7
                0x000006d6                __vector_125
                0x000006d6                __vector_49
                0x000006d6                __vector_123
                0x000006d6                __vector_41
                0x000006d6                __vector_86
                0x000006d6                __vector_100
                0x000006d6                __vector_101
                0x000006d6                __vector_64
                0x000006d6                __vector_109
                0x000006d6                __vector_43
                0x000006d6                __vector_27
                0x000006d6                __vector_5
                0x000006d6                __vector_113
                0x000006d6                __vector_33
                0x000006d6                __vector_76
                0x000006d6                __vector_115
                0x000006d6                __vector_47
                0x000006d6                __vector_52
                0x000006d6                __vector_37
                0x000006d6                __vector_95
                0x000006d6                __vector_103
                0x000006d6                __vector_96
                0x000006d6                __vector_89
                0x000006d6                __vector_108
                0x000006d6                __vector_4
                0x000006d6                __vector_44
                0x000006d6                __vector_82
                0x000006d6                __vector_106
                0x000006d6                __vector_118
                0x000006d6                __vector_51
                0x000006d6                __vector_9
                0x000006d6                __vector_2
                0x000006d6                __vector_21
                0x000006d6                __vector_15
                0x000006d6                __vector_66
                0x000006d6                __vector_36
                0x000006d6                __vector_79
                0x000006d6                __vector_70
                0x000006d6                __vector_83
                0x000006d6                __vector_29
                0x000006d6                __vector_60
                0x000006d6                __vector_121
                0x000006d6                __vector_40
                0x000006d6                __vector_85
                0x000006d6                __vector_94
                0x000006d6                __vector_126
                0x000006d6                __vector_8
                0x000006d6                __vector_26
                0x000006d6                __vector_48
                0x000006d6                __vector_124
                0x000006d6                __vector_116
                0x000006d6                __vector_112
                0x000006d6                __vector_111
                0x000006d6                __vector_80
                0x000006d6                __vector_14
                0x000006d6                __vector_84
                0x000006d6                __vector_57
                0x000006d6                __vector_53
                0x000006d6                __vector_10
                0x000006d6                __vector_50
                0x000006d6                __vector_16
                0x000006d6                __vector_59
                0x000006d6                __vector_18
                0x000006d6                __vector_97
                0x000006d6                __vector_20
                0x000006d6                __vector_42
                0x000006d6                __vector_87
                0x000006d6                __vector_65
                0x000006d6                __vector_120
                0x000006da                . = ALIGN (0x2)
 *(.text.*)
 .text._ZN8I2CAgent10readPacketEv
                0x000006da       0x16 Source/I2CAgent.o
                0x000006da                _ZN8I2CAgent10readPacketEv
 .text._ZN8I2CAgent8transmitER7Command
                0x000006f0       0x5a Source/I2CAgent.o
                0x000006f0                _ZN8I2CAgent8transmitER7Command
 .text._ZN8I2CAgent7receiveEv
                0x0000074a       0x56 Source/I2CAgent.o
                0x0000074a                _ZN8I2CAgent7receiveEv
 .text._ZN8I2CAgent11writePacketER7Command
                0x000007a0       0x64 Source/I2CAgent.o
                0x000007a0                _ZN8I2CAgent11writePacketER7Command
 .text._ZN8I2CAgent11resetPacketER6Packet
                0x00000804        0x8 Source/I2CAgent.o
                0x00000804                _ZN8I2CAgent11resetPacketER6Packet
 .text._ZN8I2CAgent12setSlaveAddrEh
                0x0000080c       0x12 Source/I2CAgent.o
                0x0000080c                _ZN8I2CAgent12setSlaveAddrEh
 .text._ZN9I2CMaster11Transmitter11StatusState7executeER6Packet
                0x0000081e       0x54 Source/I2CMaster.o
                0x0000081e                _ZN9I2CMaster11Transmitter11StatusState7executeER6Packet
 .text._ZN9I2CMaster8Receiver11StatusState7executeER6Packet
                0x00000872       0x54 Source/I2CMaster.o
                0x00000872                _ZN9I2CMaster8Receiver11StatusState7executeER6Packet
 .text._ZN9I2CMaster11Transmitter17PacketStatusState7executeER6Packet
                0x000008c6       0x2a Source/I2CMaster.o
                0x000008c6                _ZN9I2CMaster11Transmitter17PacketStatusState7executeER6Packet
 .text._ZN9I2CMaster9DoneState7executeER6Packet
                0x000008f0        0x8 Source/I2CMaster.o
                0x000008f0                _ZN9I2CMaster9DoneState7executeER6Packet
 .text._ZN9I2CMaster10ErrorState7executeER6Packet
                0x000008f8        0x8 Source/I2CMaster.o
                0x000008f8                _ZN9I2CMaster10ErrorState7executeER6Packet
 .text._ZN9I2CMaster10ErrorState11serialDebugEv
                0x00000900       0x2a Source/I2CMaster.o
                0x00000900                _ZN9I2CMaster10ErrorState11serialDebugEv
 .text._ZN9I2CMaster9DoneState11serialDebugEv
                0x0000092a       0x2a Source/I2CMaster.o
                0x0000092a                _ZN9I2CMaster9DoneState11serialDebugEv
 .text._ZN9I2CMaster8Receiver17PacketStatusState11serialDebugEv
                0x00000954       0x2a Source/I2CMaster.o
                0x00000954                _ZN9I2CMaster8Receiver17PacketStatusState11serialDebugEv
 .text._ZN9I2CMaster11Transmitter17PacketStatusState11serialDebugEv
                0x0000097e       0x2a Source/I2CMaster.o
                0x0000097e                _ZN9I2CMaster11Transmitter17PacketStatusState11serialDebugEv
 .text._ZN9I2CMaster8Receiver13ExchangeState11serialDebugEv
                0x000009a8       0x2a Source/I2CMaster.o
                0x000009a8                _ZN9I2CMaster8Receiver13ExchangeState11serialDebugEv
 .text._ZN9I2CMaster11Transmitter13ExchangeState11serialDebugEv
                0x000009d2       0x2a Source/I2CMaster.o
                0x000009d2                _ZN9I2CMaster11Transmitter13ExchangeState11serialDebugEv
 .text._ZN9I2CMaster10StartState11serialDebugEv
                0x000009fc       0x2a Source/I2CMaster.o
                0x000009fc                _ZN9I2CMaster10StartState11serialDebugEv
 .text._ZN9I2CMaster11Transmitter11StatusState11serialDebugEv
                0x00000a26       0x3c Source/I2CMaster.o
                0x00000a26                _ZN9I2CMaster11Transmitter11StatusState11serialDebugEv
 .text._ZN9I2CMaster8Receiver11StatusState11serialDebugEv
                0x00000a62       0x3c Source/I2CMaster.o
                0x00000a62                _ZN9I2CMaster8Receiver11StatusState11serialDebugEv
 .text._ZN9I2CMaster11Transmitter13ExchangeState7executeER6Packet
                0x00000a9e       0x86 Source/I2CMaster.o
                0x00000a9e                _ZN9I2CMaster11Transmitter13ExchangeState7executeER6Packet
 .text._ZN9I2CMaster8Receiver13ExchangeState7executeER6Packet
                0x00000b24       0x7e Source/I2CMaster.o
                0x00000b24                _ZN9I2CMaster8Receiver13ExchangeState7executeER6Packet
 .text._ZN9I2CMaster8Receiver17PacketStatusState7executeER6Packet
                0x00000ba2       0xa0 Source/I2CMaster.o
                0x00000ba2                _ZN9I2CMaster8Receiver17PacketStatusState7executeER6Packet
 .text._ZN9I2CMaster11TransmitterC2EPS_P8emstream
                0x00000c42      0x1aa Source/I2CMaster.o
                0x00000c42                _ZN9I2CMaster11TransmitterC2EPS_P8emstream
                0x00000c42                _ZN9I2CMaster11TransmitterC1EPS_P8emstream
 .text._ZN9I2CMaster8ReceiverC2EPS_P8emstream
                0x00000dec      0x154 Source/I2CMaster.o
                0x00000dec                _ZN9I2CMaster8ReceiverC1EPS_P8emstream
                0x00000dec                _ZN9I2CMaster8ReceiverC2EPS_P8emstream
 .text._ZN9I2CMaster11Transmitter3runER6Packet
                0x00000f40       0x88 Source/I2CMaster.o
                0x00000f40                _ZN9I2CMaster11Transmitter3runER6Packet
 .text._ZN9I2CMaster8Receiver3runER6Packet
                0x00000fc8      0x120 Source/I2CMaster.o
                0x00000fc8                _ZN9I2CMaster8Receiver3runER6Packet
 .text._ZN9I2CMaster12set_baudrateEm
                0x000010e8       0x2e Source/I2CMaster.o
                0x000010e8                _ZN9I2CMaster12set_baudrateEm
 .text._ZN9I2CMasterC2EP10TWI_structmP8emstream
                0x00001116       0xfe Source/I2CMaster.o
                0x00001116                _ZN9I2CMasterC2EP10TWI_structmP8emstream
                0x00001116                _ZN9I2CMasterC1EP10TWI_structmP8emstream
 .text._ZN9I2CMaster10send_startEv
                0x00001214       0x12 Source/I2CMaster.o
                0x00001214                _ZN9I2CMaster10send_startEv
 .text._ZN9I2CMaster10StartState7executeER6Packet
                0x00001226       0x46 Source/I2CMaster.o
                0x00001226                _ZN9I2CMaster10StartState7executeER6Packet
 .text._ZN6MB120212RangeCommand11writePacketER9frt_queueIhE
                0x0000126c       0x1a Source/MB1202.o
                0x0000126c                _ZN6MB120212RangeCommand11writePacketER9frt_queueIhE
 .text._ZN9frt_queueIhE16ISR_num_items_inEv
                0x00001286        0xe Source/MB1202.o
                0x00001286                _ZN9frt_queueIhE16ISR_num_items_inEv
 .text._ZN9frt_queueIhE13ISR_not_emptyEv
                0x00001294       0x16 Source/MB1202.o
                0x00001294                _ZN9frt_queueIhE13ISR_not_emptyEv
 .text._ZN9frt_queueIhE12ISR_is_emptyEv
                0x000012aa       0x14 Source/MB1202.o
                0x000012aa                _ZN9frt_queueIhE12ISR_is_emptyEv
 .text._ZN9frt_queueIhE12num_items_inEv
                0x000012be        0xe Source/MB1202.o
                0x000012be                _ZN9frt_queueIhE12num_items_inEv
 .text._ZN9frt_queueIhE9not_emptyEv
                0x000012cc       0x16 Source/MB1202.o
                0x000012cc                _ZN9frt_queueIhE9not_emptyEv
 .text._ZN9frt_queueIhE8is_emptyEv
                0x000012e2       0x14 Source/MB1202.o
                0x000012e2                _ZN9frt_queueIhE8is_emptyEv
 .text._ZN9frt_queueIhE10get_a_copyERh
                0x000012f6       0x18 Source/MB1202.o
                0x000012f6                _ZN9frt_queueIhE10get_a_copyERh
 .text._ZN9frt_queueIhE10get_a_copyEv
                0x0000130e       0x30 Source/MB1202.o
                0x0000130e                _ZN9frt_queueIhE10get_a_copyEv
 .text._ZN9frt_queueIhE3getEPh
                0x0000133e       0x18 Source/MB1202.o
                0x0000133e                _ZN9frt_queueIhE3getEPh
 .text._ZN9frt_queueIhE3getEv
                0x00001356       0x30 Source/MB1202.o
                0x00001356                _ZN9frt_queueIhE3getEv
 .text._ZN9frt_queueIhE7ISR_getEPh
                0x00001386       0x22 Source/MB1202.o
                0x00001386                _ZN9frt_queueIhE7ISR_getEPh
 .text._ZN9frt_queueIhE7ISR_getEv
                0x000013a8       0x2e Source/MB1202.o
                0x000013a8                _ZN9frt_queueIhE7ISR_getEv
 .text._ZN9frt_queueIhE11ISR_butt_inERKh
                0x000013d6       0x30 Source/MB1202.o
                0x000013d6                _ZN9frt_queueIhE11ISR_butt_inERKh
 .text._ZN9frt_queueIhE7ISR_putERKh
                0x00001406       0x30 Source/MB1202.o
                0x00001406                _ZN9frt_queueIhE7ISR_putERKh
 .text._ZN9frt_queueIhE7butt_inERKh
                0x00001436       0x24 Source/MB1202.o
                0x00001436                _ZN9frt_queueIhE7butt_inERKh
 .text._ZN9frt_queueIhE3putERKh
                0x0000145a       0x24 Source/MB1202.o
                0x0000145a                _ZN9frt_queueIhE3putERKh
 .text._ZN6MB1202C2EP9I2CMasterP8emstream
                0x0000147e      0x14c Source/MB1202.o
                0x0000147e                _ZN6MB1202C2EP9I2CMasterP8emstream
                0x0000147e                _ZN6MB1202C1EP9I2CMasterP8emstream
 .text._ZN6MB120211takeReadingEv
                0x000015ca       0x40 Source/MB1202.o
                0x000015ca                _ZN6MB120211takeReadingEv
 .text._ZN6MB120210getReadingEv
                0x0000160a       0x5e Source/MB1202.o
                0x0000160a                _ZN6MB120210getReadingEv
 .text._ZN6Packet12resetContentEv
                0x00001668       0x2e Source/Packet.o
                0x00001668                _ZN6Packet12resetContentEv
 .text._ZN10task_sonar3runEv
                0x00001696       0x92 Source/task_sonar.o
                0x00001696                _ZN10task_sonar3runEv
 .text._ZN10task_sonarC2EPKchjP8emstreamP6MB1202
                0x00001728       0x3a Source/task_sonar.o
                0x00001728                _ZN10task_sonarC2EPKchjP8emstreamP6MB1202
                0x00001728                _ZN10task_sonarC1EPKchjP8emstreamP6MB1202
 .text._ZN9task_userC2EPKchjP8emstream
                0x00001762       0x20 Source/task_user.o
                0x00001762                _ZN9task_userC1EPKchjP8emstream
                0x00001762                _ZN9task_userC2EPKchjP8emstream
 .text._ZN9task_user18print_help_messageEv
                0x00001782      0x150 Source/task_user.o
                0x00001782                _ZN9task_user18print_help_messageEv
 .text._ZN9task_user11show_statusEv
                0x000018d2      0x116 Source/task_user.o
                0x000018d2                _ZN9task_user11show_statusEv
 .text._ZN9task_user3runEv
                0x000019e8      0x25a Source/task_user.o
                0x000019e8                _ZN9task_user3runEv
 .text.pvPortMalloc
                0x00001c42      0x134 Source/lib/freertos/heap_2.o
                0x00001c42                pvPortMalloc
 .text.vPortFree
                0x00001d76       0x66 Source/lib/freertos/heap_2.o
                0x00001d76                vPortFree
 .text.xPortGetFreeHeapSize
                0x00001ddc        0xa Source/lib/freertos/heap_2.o
                0x00001ddc                xPortGetFreeHeapSize
 .text.vListInitialise
                0x00001de6       0x22 Source/lib/freertos/list.o
                0x00001de6                vListInitialise
 .text.vListInitialiseItem
                0x00001e08        0x8 Source/lib/freertos/list.o
                0x00001e08                vListInitialiseItem
 .text.vListInsertEnd
                0x00001e10       0x4e Source/lib/freertos/list.o
                0x00001e10                vListInsertEnd
 .text.vListInsert
                0x00001e5e       0x96 Source/lib/freertos/list.o
                0x00001e5e                vListInsert
 .text.vListRemove
                0x00001ef4       0x4c Source/lib/freertos/list.o
                0x00001ef4                vListRemove
 .text.pxPortInitialiseStack
                0x00001f40       0xec Source/lib/freertos/port.o
                0x00001f40                pxPortInitialiseStack
 .text.xPortStartScheduler
                0x0000202c       0x7c Source/lib/freertos/port.o
                0x0000202c                xPortStartScheduler
 .text.vPortYield
                0x000020a8       0xc2 Source/lib/freertos/port.o
                0x000020a8                vPortYield
 .text.vPortYieldFromTick
                0x0000216a       0xc6 Source/lib/freertos/port.o
                0x0000216a                vPortYieldFromTick
 .text.__vector_22
                0x00002230        0x6 Source/lib/freertos/port.o
                0x00002230                __vector_22
 .text.prvCopyDataToQueue
                0x00002236       0x98 Source/lib/freertos/queue.o
 .text.prvCopyDataFromQueue
                0x000022ce       0x34 Source/lib/freertos/queue.o
 .text.prvUnlockQueue
                0x00002302       0x94 Source/lib/freertos/queue.o
 .text.xQueueGenericReset
                0x00002396       0x78 Source/lib/freertos/queue.o
                0x00002396                xQueueGenericReset
 .text.xQueueGenericCreate
                0x0000240e       0x5c Source/lib/freertos/queue.o
                0x0000240e                xQueueGenericCreate
 .text.xQueueGenericSend
                0x0000246a      0x136 Source/lib/freertos/queue.o
                0x0000246a                xQueueGenericSend
 .text.xQueueGenericSendFromISR
                0x000025a0       0x58 Source/lib/freertos/queue.o
                0x000025a0                xQueueGenericSendFromISR
 .text.xQueueGenericReceive
                0x000025f8      0x188 Source/lib/freertos/queue.o
                0x000025f8                xQueueGenericReceive
 .text.xQueueReceiveFromISR
                0x00002780       0x5a Source/lib/freertos/queue.o
                0x00002780                xQueueReceiveFromISR
 .text.uxQueueMessagesWaiting
                0x000027da       0x10 Source/lib/freertos/queue.o
                0x000027da                uxQueueMessagesWaiting
 .text.uxQueueMessagesWaitingFromISR
                0x000027ea        0x6 Source/lib/freertos/queue.o
                0x000027ea                uxQueueMessagesWaitingFromISR
 .text.prvIdleTask
                0x000027f0       0x10 Source/lib/freertos/tasks.o
 .text.prvAddCurrentTaskToDelayedList
                0x00002800       0x9c Source/lib/freertos/tasks.o
 .text.xTaskGenericCreate
                0x0000289c      0x204 Source/lib/freertos/tasks.o
                0x0000289c                xTaskGenericCreate
 .text.uxTaskPriorityGet
                0x00002aa0       0x1c Source/lib/freertos/tasks.o
                0x00002aa0                uxTaskPriorityGet
 .text.vTaskStartScheduler
                0x00002abc       0x66 Source/lib/freertos/tasks.o
                0x00002abc                vTaskStartScheduler
 .text.vTaskSuspendAll
                0x00002b22        0xc Source/lib/freertos/tasks.o
                0x00002b22                vTaskSuspendAll
 .text.xTaskGetTickCount
                0x00002b2e       0x1c Source/lib/freertos/tasks.o
                0x00002b2e                xTaskGetTickCount
 .text.pcTaskGetTaskName
                0x00002b4a       0x10 Source/lib/freertos/tasks.o
                0x00002b4a                pcTaskGetTaskName
 .text.xTaskGetIdleTaskHandle
                0x00002b5a        0xa Source/lib/freertos/tasks.o
                0x00002b5a                xTaskGetIdleTaskHandle
 .text.vTaskIncrementTick
                0x00002b64      0x202 Source/lib/freertos/tasks.o
                0x00002b64                vTaskIncrementTick
 .text.xTaskResumeAll
                0x00002d66      0x104 Source/lib/freertos/tasks.o
                0x00002d66                xTaskResumeAll
 .text.vTaskDelay
                0x00002e6a       0x5c Source/lib/freertos/tasks.o
                0x00002e6a                vTaskDelay
 .text.vTaskSwitchContext
                0x00002ec6       0xba Source/lib/freertos/tasks.o
                0x00002ec6                vTaskSwitchContext
 .text.vTaskPlaceOnEventList
                0x00002f80       0x54 Source/lib/freertos/tasks.o
                0x00002f80                vTaskPlaceOnEventList
 .text.xTaskRemoveFromEventList
                0x00002fd4       0x7e Source/lib/freertos/tasks.o
                0x00002fd4                xTaskRemoveFromEventList
 .text.vTaskSetTimeOutState
                0x00003052       0x22 Source/lib/freertos/tasks.o
                0x00003052                vTaskSetTimeOutState
 .text.xTaskCheckForTimeOut
                0x00003074       0xda Source/lib/freertos/tasks.o
                0x00003074                xTaskCheckForTimeOut
 .text.vTaskMissedYield
                0x0000314e        0x8 Source/lib/freertos/tasks.o
                0x0000314e                vTaskMissedYield
 .text.uxTaskGetStackHighWaterMark
                0x00003156       0x32 Source/lib/freertos/tasks.o
                0x00003156                uxTaskGetStackHighWaterMark
 .text.xTaskGetCurrentTaskHandle
                0x00003188        0xa Source/lib/freertos/tasks.o
                0x00003188                xTaskGetCurrentTaskHandle
 .text.vTaskPriorityInherit
                0x00003192       0xaa Source/lib/freertos/tasks.o
                0x00003192                vTaskPriorityInherit
 .text.vTaskPriorityDisinherit
                0x0000323c       0x68 Source/lib/freertos/tasks.o
                0x0000323c                vTaskPriorityDisinherit
 .text._ZN8frt_task22_call_users_run_methodEPS_
                0x000032a4       0x1e Source/lib/frtcpp/frt_task.o
                0x000032a4                _ZN8frt_task22_call_users_run_methodEPS_
 .text._ZN8frt_task13transition_toEh
                0x000032c2        0x8 Source/lib/frtcpp/frt_task.o
                0x000032c2                _ZN8frt_task13transition_toEh
 .text._ZN8frt_taskC2EPKchjP8emstream
                0x000032ca      0x18e Source/lib/frtcpp/frt_task.o
                0x000032ca                _ZN8frt_taskC1EPKchjP8emstream
                0x000032ca                _ZN8frt_taskC2EPKchjP8emstream
 .text._ZN8frt_task19print_stack_in_listEP8emstream
                0x00003458       0x9c Source/lib/frtcpp/frt_task_stackprt.o
                0x00003458                _ZN8frt_task19print_stack_in_listEP8emstream
 .text._Z17print_task_stacksP8emstream
                0x000034f4       0x80 Source/lib/frtcpp/frt_task_stackprt.o
                0x000034f4                _Z17print_task_stacksP8emstream
 .text._ZN8frt_task12print_statusER8emstream
                0x00003574      0x120 Source/lib/frtcpp/frt_task_status.o
                0x00003574                _ZN8frt_task12print_statusER8emstream
 .text._ZlsR8emstreamR8frt_task
                0x00003694       0x20 Source/lib/frtcpp/frt_task_status.o
                0x00003694                _ZlsR8emstreamR8frt_task
 .text._ZN8frt_task20print_status_in_listEP8emstream
                0x000036b4       0x32 Source/lib/frtcpp/frt_task_status.o
                0x000036b4                _ZN8frt_task20print_status_in_listEP8emstream
 .text._Z15print_task_listP8emstream
                0x000036e6      0x122 Source/lib/frtcpp/frt_task_status.o
                0x000036e6                _Z15print_task_listP8emstream
 .text._ZN14frt_text_queue7getcharEv
                0x00003808       0x3c Source/lib/frtcpp/frt_text_queue.o
                0x00003808                _ZN14frt_text_queue7getcharEv
 .text._ZN14frt_text_queue14check_for_charEv
                0x00003844       0x16 Source/lib/frtcpp/frt_text_queue.o
                0x00003844                _ZN14frt_text_queue14check_for_charEv
 .text._ZN14frt_text_queue7putcharEc
                0x0000385a       0x3c Source/lib/frtcpp/frt_text_queue.o
                0x0000385a                _ZN14frt_text_queue7putcharEc
 .text._ZN14frt_text_queueC2EjP8emstreamm
                0x00003896       0x5e Source/lib/frtcpp/frt_text_queue.o
                0x00003896                _ZN14frt_text_queueC2EjP8emstreamm
                0x00003896                _ZN14frt_text_queueC1EjP8emstreamm
 .text._ZN10time_stamp12get_microsecEv
                0x000038f4       0x80 Source/lib/frtcpp/time_stamp_get_us.o
                0x000038f4                _ZN10time_stamp12get_microsecEv
 .text._ZlsR8emstreamR10time_stamp
                0x00003974       0xb8 Source/lib/frtcpp/time_stamp_lshift.o
                0x00003974                _ZlsR8emstreamR10time_stamp
 .text._ZN10time_stamp10set_to_nowEv
                0x00003a2c       0x30 Source/lib/frtcpp/time_stamp_to_now.o
                0x00003a2c                _ZN10time_stamp10set_to_nowEv
 .text._Z15hex_dump_memoryPhS_P8emstreambh
                0x00003a5c      0x162 Source/lib/misc/hex_dump_memory.o
                0x00003a5c                _Z15hex_dump_memoryPhS_P8emstreambh
 .text._Znwj    0x00003bbe        0x6 Source/lib/misc/mechutil.o
                0x00003bbe                _Znwj
 .text._Znaj    0x00003bc4        0x6 Source/lib/misc/mechutil.o
                0x00003bc4                _Znaj
 .text.__cxa_pure_virtual
                0x00003bca        0x2 Source/lib/misc/mechutil.o
                0x00003bca                __cxa_pure_virtual
 .text._ZN7base232C2EjP12USART_struct
                0x00003bcc      0x12c Source/lib/serial/base232.o
                0x00003bcc                _ZN7base232C1EjP12USART_struct
                0x00003bcc                _ZN7base232C2EjP12USART_struct
 .text._ZN8emstream13ready_to_sendEv
                0x00003cf8        0x4 Source/lib/serial/emstream.o
                0x00003cf8                _ZN8emstream13ready_to_sendEv
 .text._ZN8emstream7getcharEv
                0x00003cfc        0x6 Source/lib/serial/emstream.o
                0x00003cfc                _ZN8emstream7getcharEv
 .text._ZN8emstream14check_for_charEv
                0x00003d02        0x4 Source/lib/serial/emstream.o
                0x00003d02                _ZN8emstream14check_for_charEv
 .text._ZN8emstream12transmit_nowEv
                0x00003d06        0x2 Source/lib/serial/emstream.o
                0x00003d06                _ZN8emstream12transmit_nowEv
 .text._ZN8emstream12clear_screenEv
                0x00003d08        0x2 Source/lib/serial/emstream.o
                0x00003d08                _ZN8emstream12clear_screenEv
 .text._ZN8emstreamC2Ev
                0x00003d0a       0x1c Source/lib/serial/emstream.o
                0x00003d0a                _ZN8emstreamC2Ev
                0x00003d0a                _ZN8emstreamC1Ev
 .text._ZN8emstream4putsEPKc
                0x00003d26       0x6e Source/lib/serial/emstream.o
                0x00003d26                _ZN8emstream4putsEPKc
 .text._ZN8emstreamlsE15ser_manipulator
                0x00003d94       0x8e Source/lib/serial/emstream.o
                0x00003d94                _ZN8emstreamlsE15ser_manipulator
 .text._ZN8emstreamlsEPv
                0x00003e22       0x4a Source/lib/serial/emstream_pointer.o
                0x00003e22                _ZN8emstreamlsEPv
 .text._ZN8emstreamlsEj
                0x00003e6c       0x68 Source/lib/serial/emstream_uint16_t.o
                0x00003e6c                _ZN8emstreamlsEj
 .text._ZN8emstreamlsEm
                0x00003ed4       0x84 Source/lib/serial/emstream_uint32_t.o
                0x00003ed4                _ZN8emstreamlsEm
 .text._ZN8emstreamlsEh
                0x00003f58      0x100 Source/lib/serial/emstream_uint8_t.o
                0x00003f58                _ZN8emstreamlsEh
 .text._ZN5rs2327putcharEc
                0x00004058       0x48 Source/lib/serial/rs232int.o
                0x00004058                _ZN5rs2327putcharEc
 .text._ZN5rs2327getcharEv
                0x000040a0       0x4c Source/lib/serial/rs232int.o
                0x000040a0                _ZN5rs2327getcharEv
 .text._ZN5rs23214check_for_charEv
                0x000040ec       0x26 Source/lib/serial/rs232int.o
                0x000040ec                _ZN5rs23214check_for_charEv
 .text._ZN5rs23212clear_screenEv
                0x00004112       0x12 Source/lib/serial/rs232int.o
                0x00004112                _ZN5rs23212clear_screenEv
 .text._ZN5rs232C2EjP12USART_struct
                0x00004124      0x100 Source/lib/serial/rs232int.o
                0x00004124                _ZN5rs232C2EjP12USART_struct
                0x00004124                _ZN5rs232C1EjP12USART_struct
 .text.__vector_25
                0x00004224       0xbc Source/lib/serial/rs232int.o
                0x00004224                __vector_25
 .text.__vector_28
                0x000042e0       0xbc Source/lib/serial/rs232int.o
                0x000042e0                __vector_28
 .text.__vector_88
                0x0000439c       0xbc Source/lib/serial/rs232int.o
                0x0000439c                __vector_88
 .text.__vector_91
                0x00004458       0xbc Source/lib/serial/rs232int.o
                0x00004458                __vector_91
 .text.__vector_58
                0x00004514       0xbc Source/lib/serial/rs232int.o
                0x00004514                __vector_58
 .text._ZN9frt_queueIjE16ISR_num_items_inEv
                0x000045d0        0xe Source/main.o
                0x000045d0                _ZN9frt_queueIjE16ISR_num_items_inEv
 .text._ZN9frt_queueIjE13ISR_not_emptyEv
                0x000045de       0x16 Source/main.o
                0x000045de                _ZN9frt_queueIjE13ISR_not_emptyEv
 .text._ZN9frt_queueIjE12ISR_is_emptyEv
                0x000045f4       0x14 Source/main.o
                0x000045f4                _ZN9frt_queueIjE12ISR_is_emptyEv
 .text._ZN9frt_queueIiE16ISR_num_items_inEv
                0x00004608        0xe Source/main.o
                0x00004608                _ZN9frt_queueIiE16ISR_num_items_inEv
 .text._ZN9frt_queueIiE13ISR_not_emptyEv
                0x00004616       0x16 Source/main.o
                0x00004616                _ZN9frt_queueIiE13ISR_not_emptyEv
 .text._ZN9frt_queueIiE12ISR_is_emptyEv
                0x0000462c       0x14 Source/main.o
                0x0000462c                _ZN9frt_queueIiE12ISR_is_emptyEv
 .text._ZN9frt_queueIjE12num_items_inEv
                0x00004640        0xe Source/main.o
                0x00004640                _ZN9frt_queueIjE12num_items_inEv
 .text._ZN9frt_queueIjE9not_emptyEv
                0x0000464e       0x16 Source/main.o
                0x0000464e                _ZN9frt_queueIjE9not_emptyEv
 .text._ZN9frt_queueIjE8is_emptyEv
                0x00004664       0x14 Source/main.o
                0x00004664                _ZN9frt_queueIjE8is_emptyEv
 .text._ZN9frt_queueIiE12num_items_inEv
                0x00004678        0xe Source/main.o
                0x00004678                _ZN9frt_queueIiE12num_items_inEv
 .text._ZN9frt_queueIiE9not_emptyEv
                0x00004686       0x16 Source/main.o
                0x00004686                _ZN9frt_queueIiE9not_emptyEv
 .text._ZN9frt_queueIiE8is_emptyEv
                0x0000469c       0x14 Source/main.o
                0x0000469c                _ZN9frt_queueIiE8is_emptyEv
 .text._ZN9frt_queueIjE10get_a_copyERj
                0x000046b0       0x18 Source/main.o
                0x000046b0                _ZN9frt_queueIjE10get_a_copyERj
 .text._ZN9frt_queueIjE10get_a_copyEv
                0x000046c8       0x36 Source/main.o
                0x000046c8                _ZN9frt_queueIjE10get_a_copyEv
 .text._ZN9frt_queueIjE3getEPj
                0x000046fe       0x18 Source/main.o
                0x000046fe                _ZN9frt_queueIjE3getEPj
 .text._ZN9frt_queueIjE3getEv
                0x00004716       0x36 Source/main.o
                0x00004716                _ZN9frt_queueIjE3getEv
 .text._ZN9frt_queueIiE10get_a_copyERi
                0x0000474c       0x18 Source/main.o
                0x0000474c                _ZN9frt_queueIiE10get_a_copyERi
 .text._ZN9frt_queueIiE10get_a_copyEv
                0x00004764       0x36 Source/main.o
                0x00004764                _ZN9frt_queueIiE10get_a_copyEv
 .text._ZN9frt_queueIiE3getEPi
                0x0000479a       0x18 Source/main.o
                0x0000479a                _ZN9frt_queueIiE3getEPi
 .text._ZN9frt_queueIiE3getEv
                0x000047b2       0x36 Source/main.o
                0x000047b2                _ZN9frt_queueIiE3getEv
 .text._ZN9frt_queueIjE7ISR_getEPj
                0x000047e8       0x22 Source/main.o
                0x000047e8                _ZN9frt_queueIjE7ISR_getEPj
 .text._ZN9frt_queueIjE7ISR_getEv
                0x0000480a       0x30 Source/main.o
                0x0000480a                _ZN9frt_queueIjE7ISR_getEv
 .text._ZN9frt_queueIiE7ISR_getEPi
                0x0000483a       0x22 Source/main.o
                0x0000483a                _ZN9frt_queueIiE7ISR_getEPi
 .text._ZN9frt_queueIiE7ISR_getEv
                0x0000485c       0x30 Source/main.o
                0x0000485c                _ZN9frt_queueIiE7ISR_getEv
 .text._ZN9frt_queueIjE11ISR_butt_inERKj
                0x0000488c       0x30 Source/main.o
                0x0000488c                _ZN9frt_queueIjE11ISR_butt_inERKj
 .text._ZN9frt_queueIjE7ISR_putERKj
                0x000048bc       0x30 Source/main.o
                0x000048bc                _ZN9frt_queueIjE7ISR_putERKj
 .text._ZN9frt_queueIiE11ISR_butt_inERKi
                0x000048ec       0x30 Source/main.o
                0x000048ec                _ZN9frt_queueIiE11ISR_butt_inERKi
 .text._ZN9frt_queueIiE7ISR_putERKi
                0x0000491c       0x30 Source/main.o
                0x0000491c                _ZN9frt_queueIiE7ISR_putERKi
 .text._ZN9frt_queueIjE7butt_inERKj
                0x0000494c       0x24 Source/main.o
                0x0000494c                _ZN9frt_queueIjE7butt_inERKj
 .text._ZN9frt_queueIjE3putERKj
                0x00004970       0x24 Source/main.o
                0x00004970                _ZN9frt_queueIjE3putERKj
 .text._ZN9frt_queueIiE7butt_inERKi
                0x00004994       0x24 Source/main.o
                0x00004994                _ZN9frt_queueIiE7butt_inERKi
 .text._ZN9frt_queueIiE3putERKi
                0x000049b8       0x24 Source/main.o
                0x000049b8                _ZN9frt_queueIiE3putERKi
 .text._Z8CCPWritePVhh
                0x000049dc       0x2a Source/main.o
                0x000049dc                _Z8CCPWritePVhh
 .text.main     0x00004a06      0x10a Source/main.o
                0x00004a06                main
 .text._GLOBAL__sub_I_counter
                0x00004b10       0xfa Source/main.o
 .text.libgcc.mul
                0x00004c0a       0x20 c:/program files (x86)/atmel/studio/7.0/toolchain/avr8/avr8-gnu-toolchain/bin/../lib/gcc/avr/5.4.0/avrxmega7\libgcc.a(_mulsi3.o)
                0x00004c0a                __mulsi3
 .text.libgcc.div
                0x00004c2a       0x44 c:/program files (x86)/atmel/studio/7.0/toolchain/avr8/avr8-gnu-toolchain/bin/../lib/gcc/avr/5.4.0/avrxmega7\libgcc.a(_udivmodsi4.o)
                0x00004c2a                __udivmodsi4
 .text.libgcc.div
                0x00004c6e       0x2e c:/program files (x86)/atmel/studio/7.0/toolchain/avr8/avr8-gnu-toolchain/bin/../lib/gcc/avr/5.4.0/avrxmega7\libgcc.a(_divmodsi4.o)
                0x00004c6e                __divmodsi4
 .text.libgcc.div
                0x00004c9c       0x10 c:/program files (x86)/atmel/studio/7.0/toolchain/avr8/avr8-gnu-toolchain/bin/../lib/gcc/avr/5.4.0/avrxmega7\libgcc.a(_negsi2.o)
                0x00004c9c                __negsi2
 .text.libgcc   0x00004cac       0x12 c:/program files (x86)/atmel/studio/7.0/toolchain/avr8/avr8-gnu-toolchain/bin/../lib/gcc/avr/5.4.0/avrxmega7\libgcc.a(_tablejump2.o)
                0x00004cac                __tablejump2__
 .text.libgcc.mul
                0x00004cbe       0x16 c:/program files (x86)/atmel/studio/7.0/toolchain/avr8/avr8-gnu-toolchain/bin/../lib/gcc/avr/5.4.0/avrxmega7\libgcc.a(_muluhisi3.o)
                0x00004cbe                __muluhisi3
 .text.libgcc.mul
                0x00004cd4       0x1e c:/program files (x86)/atmel/studio/7.0/toolchain/avr8/avr8-gnu-toolchain/bin/../lib/gcc/avr/5.4.0/avrxmega7\libgcc.a(_umulhisi3.o)
                0x00004cd4                __umulhisi3
 .text.avr-libc
                0x00004cf2       0x12 c:/program files (x86)/atmel/studio/7.0/toolchain/avr8/avr8-gnu-toolchain/bin/../lib/gcc/avr/5.4.0/../../../../avr/lib/avrxmega7\libc.a(memcpy.o)
                0x00004cf2                memcpy
 .text.avr-libc
                0x00004d04        0xe c:/program files (x86)/atmel/studio/7.0/toolchain/avr8/avr8-gnu-toolchain/bin/../lib/gcc/avr/5.4.0/../../../../avr/lib/avrxmega7\libc.a(memset.o)
                0x00004d04                memset
 .text.avr-libc
                0x00004d12       0x1e c:/program files (x86)/atmel/studio/7.0/toolchain/avr8/avr8-gnu-toolchain/bin/../lib/gcc/avr/5.4.0/../../../../avr/lib/avrxmega7\libc.a(strncpy.o)
                0x00004d12                strncpy
 .text.avr-libc
                0x00004d30       0x16 c:/program files (x86)/atmel/studio/7.0/toolchain/avr8/avr8-gnu-toolchain/bin/../lib/gcc/avr/5.4.0/../../../../avr/lib/avrxmega7\libc.a(ultoa.o)
                0x00004d30                ultoa
                0x00004d30                __ultoa
 .text.avr-libc
                0x00004d46       0x44 c:/program files (x86)/atmel/studio/7.0/toolchain/avr8/avr8-gnu-toolchain/bin/../lib/gcc/avr/5.4.0/../../../../avr/lib/avrxmega7\libc.a(ultoa_ncheck.o)
                0x00004d46                __ultoa_ncheck
                0x00004d48                __ultoa_common
 .text.avr-libc
                0x00004d8a       0x16 c:/program files (x86)/atmel/studio/7.0/toolchain/avr8/avr8-gnu-toolchain/bin/../lib/gcc/avr/5.4.0/../../../../avr/lib/avrxmega7\libc.a(utoa.o)
                0x00004d8a                __utoa
                0x00004d8a                utoa
 .text.avr-libc
                0x00004da0       0x34 c:/program files (x86)/atmel/studio/7.0/toolchain/avr8/avr8-gnu-toolchain/bin/../lib/gcc/avr/5.4.0/../../../../avr/lib/avrxmega7\libc.a(utoa_ncheck.o)
                0x00004da0                __utoa_ncheck
                0x00004da2                __utoa_common
 .text.avr-libc
                0x00004dd4       0x20 c:/program files (x86)/atmel/studio/7.0/toolchain/avr8/avr8-gnu-toolchain/bin/../lib/gcc/avr/5.4.0/../../../../avr/lib/avrxmega7\libc.a(strrev.o)
                0x00004dd4                strrev
                0x00004df4                . = ALIGN (0x2)
 *(.fini9)
 .fini9         0x00004df4        0x0 c:/program files (x86)/atmel/studio/7.0/toolchain/avr8/avr8-gnu-toolchain/bin/../lib/gcc/avr/5.4.0/avrxmega7\libgcc.a(_exit.o)
                0x00004df4                _exit
                0x00004df4                exit
 *(.fini9)
 *(.fini8)
 *(.fini8)
 *(.fini7)
 *(.fini7)
 *(.fini6)
 *(.fini6)
 *(.fini5)
 *(.fini5)
 *(.fini4)
 *(.fini4)
 *(.fini3)
 *(.fini3)
 *(.fini2)
 *(.fini2)
 *(.fini1)
 *(.fini1)
 *(.fini0)
 .fini0         0x00004df4        0x4 c:/program files (x86)/atmel/studio/7.0/toolchain/avr8/avr8-gnu-toolchain/bin/../lib/gcc/avr/5.4.0/avrxmega7\libgcc.a(_exit.o)
 *(.fini0)
                0x00004df8                _etext = .

.data           0x00802000      0x2a8 load address 0x00004df8
                0x00802000                PROVIDE (__data_start, .)
 *(.data)
 *(.data*)
 .data.xFreeBytesRemaining
                0x00802000        0x2 Source/lib/freertos/heap_2.o
 .data.xNextTaskUnblockTime
                0x00802002        0x4 Source/lib/freertos/tasks.o
 *(.rodata)
 *(.rodata*)
 .rodata.str1.1
                0x00802006        0x6 Source/I2CAgent.o
 .rodata._ZTV8I2CAgent
                0x0080200c        0xe Source/I2CAgent.o
                0x0080200c                _ZTV8I2CAgent
 .rodata.str1.1
                0x0080201a      0x10d Source/I2CMaster.o
                                0x116 (size before relaxing)
 .rodata._ZTVN9I2CMaster10StartStateE
                0x00802127        0x8 Source/I2CMaster.o
                0x00802127                _ZTVN9I2CMaster10StartStateE
 .rodata._ZTVN9I2CMaster11Transmitter11StatusStateE
                0x0080212f        0x8 Source/I2CMaster.o
                0x0080212f                _ZTVN9I2CMaster11Transmitter11StatusStateE
 .rodata._ZTVN9I2CMaster8Receiver11StatusStateE
                0x00802137        0x8 Source/I2CMaster.o
                0x00802137                _ZTVN9I2CMaster8Receiver11StatusStateE
 .rodata._ZTVN9I2CMaster11Transmitter13ExchangeStateE
                0x0080213f        0x8 Source/I2CMaster.o
                0x0080213f                _ZTVN9I2CMaster11Transmitter13ExchangeStateE
 .rodata._ZTVN9I2CMaster8Receiver13ExchangeStateE
                0x00802147        0x8 Source/I2CMaster.o
                0x00802147                _ZTVN9I2CMaster8Receiver13ExchangeStateE
 .rodata._ZTVN9I2CMaster11Transmitter17PacketStatusStateE
                0x0080214f        0x8 Source/I2CMaster.o
                0x0080214f                _ZTVN9I2CMaster11Transmitter17PacketStatusStateE
 .rodata._ZTVN9I2CMaster8Receiver17PacketStatusStateE
                0x00802157        0x8 Source/I2CMaster.o
                0x00802157                _ZTVN9I2CMaster8Receiver17PacketStatusStateE
 .rodata._ZTVN9I2CMaster9DoneStateE
                0x0080215f        0x8 Source/I2CMaster.o
                0x0080215f                _ZTVN9I2CMaster9DoneStateE
 .rodata._ZTVN9I2CMaster10ErrorStateE
                0x00802167        0x8 Source/I2CMaster.o
                0x00802167                _ZTVN9I2CMaster10ErrorStateE
 .rodata.str1.1
                0x0080216f       0x11 Source/MB1202.o
 .rodata._ZTV9frt_queueIhE
                0x00802180       0x24 Source/MB1202.o
                0x00802180                _ZTV9frt_queueIhE
 .rodata._ZTV6Packet
                0x008021a4       0x24 Source/MB1202.o
                0x008021a4                _ZTV6Packet
 .rodata._ZTV9CommAgent
                0x008021c8        0xe Source/MB1202.o
                0x008021c8                _ZTV9CommAgent
 .rodata._ZTVN6MB120212RangeCommandE
                0x008021d6        0x6 Source/MB1202.o
                0x008021d6                _ZTVN6MB120212RangeCommandE
 .rodata.str1.1
                0x008021dc        0xa Source/task_sonar.o
 .rodata._ZTV10task_sonar
                0x008021e6        0x8 Source/task_sonar.o
                0x008021e6                _ZTV10task_sonar
 .rodata._ZTV9task_user
                0x008021ee        0x8 Source/task_user.o
                0x008021ee                _ZTV9task_user
 .rodata.str1.1
                0x008021f6        0x5 Source/lib/freertos/tasks.o
 .rodata._ZTV8frt_task
                0x008021fb        0x8 Source/lib/frtcpp/frt_task_status.o
                0x008021fb                _ZTV8frt_task
 .rodata._ZTV14frt_text_queue
                0x00802203       0x10 Source/lib/frtcpp/frt_text_queue.o
                0x00802203                _ZTV14frt_text_queue
 .rodata._ZTV8emstream
                0x00802213       0x10 Source/lib/serial/emstream.o
                0x00802213                _ZTV8emstream
 .rodata._ZTV5rs232
                0x00802223       0x10 Source/lib/serial/rs232int.o
                0x00802223                _ZTV5rs232
 .rodata.str1.1
                0x00802233       0x2d Source/main.o
 .rodata._ZTV9frt_queueIjE
                0x00802260       0x24 Source/main.o
                0x00802260                _ZTV9frt_queueIjE
 .rodata._ZTV9frt_queueIiE
                0x00802284       0x24 Source/main.o
                0x00802284                _ZTV9frt_queueIiE
 *(.gnu.linkonce.d*)
                0x008022a8                . = ALIGN (0x2)
                0x008022a8                _edata = .
                0x008022a8                PROVIDE (__data_end, .)

.bss            0x008022a8     0x10ce
                0x008022a8                PROVIDE (__bss_start, .)
 *(.bss)
 *(.bss*)
 .bss.xHeapHasBeenInitialised.4150
                0x008022a8        0x1 Source/lib/freertos/heap_2.o
 .bss.xEnd      0x008022a9        0x4 Source/lib/freertos/heap_2.o
 .bss.xStart    0x008022ad        0x4 Source/lib/freertos/heap_2.o
 .bss.xHeap     0x008022b1      0xfff Source/lib/freertos/heap_2.o
 .bss.uxTaskNumber
                0x008032b0        0x1 Source/lib/freertos/tasks.o
 .bss.xNumOfOverflows
                0x008032b1        0x1 Source/lib/freertos/tasks.o
 .bss.xMissedYield
                0x008032b2        0x1 Source/lib/freertos/tasks.o
 .bss.uxMissedTicks
                0x008032b3        0x1 Source/lib/freertos/tasks.o
 .bss.uxSchedulerSuspended
                0x008032b4        0x1 Source/lib/freertos/tasks.o
 .bss.xSchedulerRunning
                0x008032b5        0x1 Source/lib/freertos/tasks.o
 .bss.uxTopReadyPriority
                0x008032b6        0x1 Source/lib/freertos/tasks.o
 .bss.uxTopUsedPriority
                0x008032b7        0x1 Source/lib/freertos/tasks.o
 .bss.xTickCount
                0x008032b8        0x4 Source/lib/freertos/tasks.o
 .bss.uxCurrentNumberOfTasks
                0x008032bc        0x1 Source/lib/freertos/tasks.o
 .bss.xIdleTaskHandle
                0x008032bd        0x2 Source/lib/freertos/tasks.o
 .bss.xPendingReadyList
                0x008032bf        0xb Source/lib/freertos/tasks.o
 .bss.pxOverflowDelayedTaskList
                0x008032ca        0x2 Source/lib/freertos/tasks.o
 .bss.pxDelayedTaskList
                0x008032cc        0x2 Source/lib/freertos/tasks.o
 .bss.xDelayedTaskList2
                0x008032ce        0xb Source/lib/freertos/tasks.o
 .bss.xDelayedTaskList1
                0x008032d9        0xb Source/lib/freertos/tasks.o
 .bss.pxReadyTasksLists
                0x008032e4       0x2c Source/lib/freertos/tasks.o
 .bss.pxCurrentTCB
                0x00803310        0x2 Source/lib/freertos/tasks.o
                0x00803310                pxCurrentTCB
 .bss.last_created_task_pointer
                0x00803312        0x2 Source/lib/frtcpp/frt_task.o
                0x00803312                last_created_task_pointer
 .bss.rcvE0_write_index
                0x00803314        0x2 Source/lib/serial/rs232int.o
                0x00803314                rcvE0_write_index
 .bss.rcvD1_write_index
                0x00803316        0x2 Source/lib/serial/rs232int.o
                0x00803316                rcvD1_write_index
 .bss.rcvD0_write_index
                0x00803318        0x2 Source/lib/serial/rs232int.o
                0x00803318                rcvD0_write_index
 .bss.rcvC1_write_index
                0x0080331a        0x2 Source/lib/serial/rs232int.o
                0x0080331a                rcvC1_write_index
 .bss.rcvC0_write_index
                0x0080331c        0x2 Source/lib/serial/rs232int.o
                0x0080331c                rcvC0_write_index
 .bss.rcvE0_read_index
                0x0080331e        0x2 Source/lib/serial/rs232int.o
                0x0080331e                rcvE0_read_index
 .bss.rcvD1_read_index
                0x00803320        0x2 Source/lib/serial/rs232int.o
                0x00803320                rcvD1_read_index
 .bss.rcvD0_read_index
                0x00803322        0x2 Source/lib/serial/rs232int.o
                0x00803322                rcvD0_read_index
 .bss.rcvC1_read_index
                0x00803324        0x2 Source/lib/serial/rs232int.o
                0x00803324                rcvC1_read_index
 .bss.rcvC0_read_index
                0x00803326        0x2 Source/lib/serial/rs232int.o
                0x00803326                rcvC0_read_index
 .bss.rcvE0_buffer
                0x00803328        0x2 Source/lib/serial/rs232int.o
                0x00803328                rcvE0_buffer
 .bss.rcvD1_buffer
                0x0080332a        0x2 Source/lib/serial/rs232int.o
                0x0080332a                rcvD1_buffer
 .bss.rcvD0_buffer
                0x0080332c        0x2 Source/lib/serial/rs232int.o
                0x0080332c                rcvD0_buffer
 .bss.rcvC1_buffer
                0x0080332e        0x2 Source/lib/serial/rs232int.o
                0x0080332e                rcvC1_buffer
 .bss.rcvC0_buffer
                0x00803330        0x2 Source/lib/serial/rs232int.o
                0x00803330                rcvC0_buffer
 .bss.C_queue   0x00803332        0xa Source/main.o
                0x00803332                C_queue
 .bss.B_queue   0x0080333c        0xa Source/main.o
                0x0080333c                B_queue
 .bss.A_queue   0x00803346        0xa Source/main.o
                0x00803346                A_queue
 .bss.ang_queue
                0x00803350        0xa Source/main.o
                0x00803350                ang_queue
 .bss.time_queue
                0x0080335a        0xa Source/main.o
                0x0080335a                time_queue
 .bss.print_ser_queue
                0x00803364       0x10 Source/main.o
                0x00803364                print_ser_queue
 *(COMMON)
 COMMON         0x00803374        0x2 Source/lib/freertos/port.o
                0x00803374                portStackTopForTask
                0x00803376                PROVIDE (__bss_end, .)
                0x00004df8                __data_load_start = LOADADDR (.data)
                0x000050a0                __data_load_end = (__data_load_start + SIZEOF (.data))

.noinit         0x00803376        0x0
                [!provide]                PROVIDE (__noinit_start, .)
 *(.noinit*)
                [!provide]                PROVIDE (__noinit_end, .)
                0x00803376                _end = .
                [!provide]                PROVIDE (__heap_start, .)

.eeprom         0x00810000        0x0
 *(.eeprom*)
                0x00810000                __eeprom_end = .

.fuse
 *(.fuse)
 *(.lfuse)
 *(.hfuse)
 *(.efuse)

.lock
 *(.lock*)

.signature
 *(.signature*)

.user_signatures
 *(.user_signatures*)

.stab
 *(.stab)

.stabstr
 *(.stabstr)

.stab.excl
 *(.stab.excl)

.stab.exclstr
 *(.stab.exclstr)

.stab.index
 *(.stab.index)

.stab.indexstr
 *(.stab.indexstr)

.comment        0x00000000       0x30
 *(.comment)
 .comment       0x00000000       0x30 Source/I2CAgent.o
                                 0x31 (size before relaxing)
 .comment       0x00000030       0x31 Source/I2CMaster.o
 .comment       0x00000030       0x31 Source/MB1202.o
 .comment       0x00000030       0x31 Source/Packet.o
 .comment       0x00000030       0x31 Source/task_sonar.o
 .comment       0x00000030       0x31 Source/task_user.o
 .comment       0x00000030       0x31 Source/lib/freertos/heap_2.o
 .comment       0x00000030       0x31 Source/lib/freertos/list.o
 .comment       0x00000030       0x31 Source/lib/freertos/port.o
 .comment       0x00000030       0x31 Source/lib/freertos/queue.o
 .comment       0x00000030       0x31 Source/lib/freertos/tasks.o
 .comment       0x00000030       0x31 Source/lib/frtcpp/frt_task.o
 .comment       0x00000030       0x31 Source/lib/frtcpp/frt_task_stackprt.o
 .comment       0x00000030       0x31 Source/lib/frtcpp/frt_task_status.o
 .comment       0x00000030       0x31 Source/lib/frtcpp/frt_text_queue.o
 .comment       0x00000030       0x31 Source/lib/frtcpp/time_stamp_get_us.o
 .comment       0x00000030       0x31 Source/lib/frtcpp/time_stamp_lshift.o
 .comment       0x00000030       0x31 Source/lib/frtcpp/time_stamp_to_now.o
 .comment       0x00000030       0x31 Source/lib/misc/hex_dump_memory.o
 .comment       0x00000030       0x31 Source/lib/misc/mechutil.o
 .comment       0x00000030       0x31 Source/lib/serial/base232.o
 .comment       0x00000030       0x31 Source/lib/serial/emstream.o
 .comment       0x00000030       0x31 Source/lib/serial/emstream_pointer.o
 .comment       0x00000030       0x31 Source/lib/serial/emstream_uint16_t.o
 .comment       0x00000030       0x31 Source/lib/serial/emstream_uint32_t.o
 .comment       0x00000030       0x31 Source/lib/serial/emstream_uint8_t.o
 .comment       0x00000030       0x31 Source/lib/serial/rs232int.o
 .comment       0x00000030       0x31 Source/main.o

.note.gnu.avr.deviceinfo
                0x00000000       0x40
 .note.gnu.avr.deviceinfo
                0x00000000       0x40 C:/Program Files (x86)/Atmel/Studio/7.0/Packs/atmel/XMEGAA_DFP/1.1.68/gcc/dev/atxmega128a4u/avrxmega7/crtatxmega128a4u.o

.note.gnu.build-id
 *(.note.gnu.build-id)

.debug
 *(.debug)

.line
 *(.line)

.debug_srcinfo
 *(.debug_srcinfo)

.debug_sfnames
 *(.debug_sfnames)

.debug_aranges  0x00000000      0x9b8
 *(.debug_aranges)
 .debug_aranges
                0x00000000       0x48 Source/I2CAgent.o
 .debug_aranges
                0x00000048      0x148 Source/I2CMaster.o
 .debug_aranges
                0x00000190       0xe0 Source/MB1202.o
 .debug_aranges
                0x00000270       0x20 Source/Packet.o
 .debug_aranges
                0x00000290       0x28 Source/task_sonar.o
 .debug_aranges
                0x000002b8       0x38 Source/task_user.o
 .debug_aranges
                0x000002f0       0x38 Source/lib/freertos/heap_2.o
 .debug_aranges
                0x00000328       0x40 Source/lib/freertos/list.o
 .debug_aranges
                0x00000368       0x48 Source/lib/freertos/port.o
 .debug_aranges
                0x000003b0       0x98 Source/lib/freertos/queue.o
 .debug_aranges
                0x00000448       0xf0 Source/lib/freertos/tasks.o
 .debug_aranges
                0x00000538       0x40 Source/lib/frtcpp/frt_task.o
 .debug_aranges
                0x00000578       0x28 Source/lib/frtcpp/frt_task_stackprt.o
 .debug_aranges
                0x000005a0       0x38 Source/lib/frtcpp/frt_task_status.o
 .debug_aranges
                0x000005d8       0x38 Source/lib/frtcpp/frt_text_queue.o
 .debug_aranges
                0x00000610       0x20 Source/lib/frtcpp/time_stamp_get_us.o
 .debug_aranges
                0x00000630       0x20 Source/lib/frtcpp/time_stamp_lshift.o
 .debug_aranges
                0x00000650       0x20 Source/lib/frtcpp/time_stamp_to_now.o
 .debug_aranges
                0x00000670       0x20 Source/lib/misc/hex_dump_memory.o
 .debug_aranges
                0x00000690       0x60 Source/lib/misc/mechutil.o
 .debug_aranges
                0x000006f0       0x30 Source/lib/serial/base232.o
 .debug_aranges
                0x00000720       0x60 Source/lib/serial/emstream.o
 .debug_aranges
                0x00000780       0x20 Source/lib/serial/emstream_pointer.o
 .debug_aranges
                0x000007a0       0x20 Source/lib/serial/emstream_uint16_t.o
 .debug_aranges
                0x000007c0       0x20 Source/lib/serial/emstream_uint32_t.o
 .debug_aranges
                0x000007e0       0x20 Source/lib/serial/emstream_uint8_t.o
 .debug_aranges
                0x00000800       0x68 Source/lib/serial/rs232int.o
 .debug_aranges
                0x00000868      0x150 Source/main.o

.debug_pubnames
 *(.debug_pubnames)

.debug_info     0x00000000    0x1ab30
 *(.debug_info .gnu.linkonce.wi.*)
 .debug_info    0x00000000     0x284f C:/Program Files (x86)/Atmel/Studio/7.0/Packs/atmel/XMEGAA_DFP/1.1.68/gcc/dev/atxmega128a4u/avrxmega7/crtatxmega128a4u.o
 .debug_info    0x0000284f     0x1b74 Source/I2CAgent.o
 .debug_info    0x000043c3     0x3c2e Source/I2CMaster.o
 .debug_info    0x00007ff1     0x280c Source/MB1202.o
 .debug_info    0x0000a7fd      0x8a1 Source/Packet.o
 .debug_info    0x0000b09e     0x1ca9 Source/task_sonar.o
 .debug_info    0x0000cd47     0x1a7b Source/task_user.o
 .debug_info    0x0000e7c2      0x30f Source/lib/freertos/heap_2.o
 .debug_info    0x0000ead1      0x2c5 Source/lib/freertos/list.o
 .debug_info    0x0000ed96      0x275 Source/lib/freertos/port.o
 .debug_info    0x0000f00b      0xdde Source/lib/freertos/queue.o
 .debug_info    0x0000fde9     0x1301 Source/lib/freertos/tasks.o
 .debug_info    0x000110ea      0x9eb Source/lib/frtcpp/frt_task.o
 .debug_info    0x00011ad5      0x640 Source/lib/frtcpp/frt_task_stackprt.o
 .debug_info    0x00012115     0x10e6 Source/lib/frtcpp/frt_task_status.o
 .debug_info    0x000131fb      0x410 Source/lib/frtcpp/frt_text_queue.o
 .debug_info    0x0001360b      0x3ab Source/lib/frtcpp/time_stamp_get_us.o
 .debug_info    0x000139b6      0x5ae Source/lib/frtcpp/time_stamp_lshift.o
 .debug_info    0x00013f64      0x9a8 Source/lib/frtcpp/time_stamp_to_now.o
 .debug_info    0x0001490c      0x515 Source/lib/misc/hex_dump_memory.o
 .debug_info    0x00014e21      0x29c Source/lib/misc/mechutil.o
 .debug_info    0x000150bd      0x482 Source/lib/serial/base232.o
 .debug_info    0x0001553f      0xa2f Source/lib/serial/emstream.o
 .debug_info    0x00015f6e      0x1fb Source/lib/serial/emstream_pointer.o
 .debug_info    0x00016169      0x2b8 Source/lib/serial/emstream_uint16_t.o
 .debug_info    0x00016421      0x2e0 Source/lib/serial/emstream_uint32_t.o
 .debug_info    0x00016701      0x2d8 Source/lib/serial/emstream_uint8_t.o
 .debug_info    0x000169d9      0x8db Source/lib/serial/rs232int.o
 .debug_info    0x000172b4     0x387c Source/main.o

.debug_abbrev   0x00000000     0x6f65
 *(.debug_abbrev)
 .debug_abbrev  0x00000000     0x262c C:/Program Files (x86)/Atmel/Studio/7.0/Packs/atmel/XMEGAA_DFP/1.1.68/gcc/dev/atxmega128a4u/avrxmega7/crtatxmega128a4u.o
 .debug_abbrev  0x0000262c      0x4ac Source/I2CAgent.o
 .debug_abbrev  0x00002ad8      0x61f Source/I2CMaster.o
 .debug_abbrev  0x000030f7      0x5ab Source/MB1202.o
 .debug_abbrev  0x000036a2      0x295 Source/Packet.o
 .debug_abbrev  0x00003937      0x4d4 Source/task_sonar.o
 .debug_abbrev  0x00003e0b      0x389 Source/task_user.o
 .debug_abbrev  0x00004194      0x1a9 Source/lib/freertos/heap_2.o
 .debug_abbrev  0x0000433d       0xf6 Source/lib/freertos/list.o
 .debug_abbrev  0x00004433      0x16b Source/lib/freertos/port.o
 .debug_abbrev  0x0000459e      0x1f2 Source/lib/freertos/queue.o
 .debug_abbrev  0x00004790      0x2c2 Source/lib/freertos/tasks.o
 .debug_abbrev  0x00004a52      0x301 Source/lib/frtcpp/frt_task.o
 .debug_abbrev  0x00004d53      0x1fe Source/lib/frtcpp/frt_task_stackprt.o
 .debug_abbrev  0x00004f51      0x354 Source/lib/frtcpp/frt_task_status.o
 .debug_abbrev  0x000052a5      0x1ec Source/lib/frtcpp/frt_text_queue.o
 .debug_abbrev  0x00005491      0x109 Source/lib/frtcpp/time_stamp_get_us.o
 .debug_abbrev  0x0000559a      0x234 Source/lib/frtcpp/time_stamp_lshift.o
 .debug_abbrev  0x000057ce      0x19c Source/lib/frtcpp/time_stamp_to_now.o
 .debug_abbrev  0x0000596a      0x180 Source/lib/misc/hex_dump_memory.o
 .debug_abbrev  0x00005aea      0x12e Source/lib/misc/mechutil.o
 .debug_abbrev  0x00005c18      0x182 Source/lib/serial/base232.o
 .debug_abbrev  0x00005d9a      0x344 Source/lib/serial/emstream.o
 .debug_abbrev  0x000060de      0x122 Source/lib/serial/emstream_pointer.o
 .debug_abbrev  0x00006200      0x1b7 Source/lib/serial/emstream_uint16_t.o
 .debug_abbrev  0x000063b7      0x1b7 Source/lib/serial/emstream_uint32_t.o
 .debug_abbrev  0x0000656e      0x1a6 Source/lib/serial/emstream_uint8_t.o
 .debug_abbrev  0x00006714      0x29f Source/lib/serial/rs232int.o
 .debug_abbrev  0x000069b3      0x5b2 Source/main.o

.debug_line     0x00000000     0x6586
 *(.debug_line .debug_line.* .debug_line_end)
 .debug_line    0x00000000      0x3b5 C:/Program Files (x86)/Atmel/Studio/7.0/Packs/atmel/XMEGAA_DFP/1.1.68/gcc/dev/atxmega128a4u/avrxmega7/crtatxmega128a4u.o
 .debug_line    0x000003b5      0x35c Source/I2CAgent.o
 .debug_line    0x00000711      0xdbc Source/I2CMaster.o
 .debug_line    0x000014cd      0x697 Source/MB1202.o
 .debug_line    0x00001b64      0x19f Source/Packet.o
 .debug_line    0x00001d03      0x2ec Source/task_sonar.o
 .debug_line    0x00001fef      0x57c Source/task_user.o
 .debug_line    0x0000256b      0x25f Source/lib/freertos/heap_2.o
 .debug_line    0x000027ca      0x17b Source/lib/freertos/list.o
 .debug_line    0x00002945      0x31d Source/lib/freertos/port.o
 .debug_line    0x00002c62      0x725 Source/lib/freertos/queue.o
 .debug_line    0x00003387      0x9dc Source/lib/freertos/tasks.o
 .debug_line    0x00003d63      0x367 Source/lib/frtcpp/frt_task.o
 .debug_line    0x000040ca      0x210 Source/lib/frtcpp/frt_task_stackprt.o
 .debug_line    0x000042da      0x39f Source/lib/frtcpp/frt_task_status.o
 .debug_line    0x00004679      0x17d Source/lib/frtcpp/frt_text_queue.o
 .debug_line    0x000047f6       0xfc Source/lib/frtcpp/time_stamp_get_us.o
 .debug_line    0x000048f2      0x167 Source/lib/frtcpp/time_stamp_lshift.o
 .debug_line    0x00004a59      0x179 Source/lib/frtcpp/time_stamp_to_now.o
 .debug_line    0x00004bd2      0x24d Source/lib/misc/hex_dump_memory.o
 .debug_line    0x00004e1f      0x1c9 Source/lib/misc/mechutil.o
 .debug_line    0x00004fe8      0x230 Source/lib/serial/base232.o
 .debug_line    0x00005218      0x2b4 Source/lib/serial/emstream.o
 .debug_line    0x000054cc       0xed Source/lib/serial/emstream_pointer.o
 .debug_line    0x000055b9      0x10e Source/lib/serial/emstream_uint16_t.o
 .debug_line    0x000056c7      0x10e Source/lib/serial/emstream_uint32_t.o
 .debug_line    0x000057d5      0x185 Source/lib/serial/emstream_uint8_t.o
 .debug_line    0x0000595a      0x3f5 Source/lib/serial/rs232int.o
 .debug_line    0x00005d4f      0x837 Source/main.o

.debug_frame    0x00000000     0x1d68
 *(.debug_frame)
 .debug_frame   0x00000000       0xd4 Source/I2CAgent.o
 .debug_frame   0x000000d4      0x4b8 Source/I2CMaster.o
 .debug_frame   0x0000058c      0x314 Source/MB1202.o
 .debug_frame   0x000008a0       0x30 Source/Packet.o
 .debug_frame   0x000008d0       0x5c Source/task_sonar.o
 .debug_frame   0x0000092c       0xc4 Source/task_user.o
 .debug_frame   0x000009f0       0x7c Source/lib/freertos/heap_2.o
 .debug_frame   0x00000a6c       0x84 Source/lib/freertos/list.o
 .debug_frame   0x00000af0       0x74 Source/lib/freertos/port.o
 .debug_frame   0x00000b64      0x20c Source/lib/freertos/queue.o
 .debug_frame   0x00000d70      0x380 Source/lib/freertos/tasks.o
 .debug_frame   0x000010f0       0xbc Source/lib/frtcpp/frt_task.o
 .debug_frame   0x000011ac       0x70 Source/lib/frtcpp/frt_task_stackprt.o
 .debug_frame   0x0000121c       0xc4 Source/lib/frtcpp/frt_task_status.o
 .debug_frame   0x000012e0       0xbc Source/lib/frtcpp/frt_text_queue.o
 .debug_frame   0x0000139c       0x44 Source/lib/frtcpp/time_stamp_get_us.o
 .debug_frame   0x000013e0       0x54 Source/lib/frtcpp/time_stamp_lshift.o
 .debug_frame   0x00001434       0x30 Source/lib/frtcpp/time_stamp_to_now.o
 .debug_frame   0x00001464       0x70 Source/lib/misc/hex_dump_memory.o
 .debug_frame   0x000014d4       0xa4 Source/lib/misc/mechutil.o
 .debug_frame   0x00001578       0x50 Source/lib/serial/base232.o
 .debug_frame   0x000015c8       0xc4 Source/lib/serial/emstream.o
 .debug_frame   0x0000168c       0x38 Source/lib/serial/emstream_pointer.o
 .debug_frame   0x000016c4       0x44 Source/lib/serial/emstream_uint16_t.o
 .debug_frame   0x00001708       0x50 Source/lib/serial/emstream_uint32_t.o
 .debug_frame   0x00001758       0x54 Source/lib/serial/emstream_uint8_t.o
 .debug_frame   0x000017ac      0x1b4 Source/lib/serial/rs232int.o
 .debug_frame   0x00001960      0x408 Source/main.o

.debug_str      0x00000000     0x6e88
 *(.debug_str)
 .debug_str     0x00000000     0x1aa8 C:/Program Files (x86)/Atmel/Studio/7.0/Packs/atmel/XMEGAA_DFP/1.1.68/gcc/dev/atxmega128a4u/avrxmega7/crtatxmega128a4u.o
 .debug_str     0x00001aa8     0x1366 Source/I2CAgent.o
                               0x1491 (size before relaxing)
 .debug_str     0x00002e0e      0x8a5 Source/I2CMaster.o
                               0x1a23 (size before relaxing)
 .debug_str     0x000036b3      0x35f Source/MB1202.o
                               0x1742 (size before relaxing)
 .debug_str     0x00003a12       0x15 Source/Packet.o
                                0x87f (size before relaxing)
 .debug_str     0x00003a27      0x47f Source/task_sonar.o
                               0x17af (size before relaxing)
 .debug_str     0x00003ea6      0x4d6 Source/task_user.o
                                0xb56 (size before relaxing)
 .debug_str     0x0000437c      0x281 Source/lib/freertos/heap_2.o
                                0x32e (size before relaxing)
 .debug_str     0x000045fd      0x131 Source/lib/freertos/list.o
                                0x2df (size before relaxing)
 .debug_str     0x0000472e      0x11f Source/lib/freertos/port.o
                                0x2c2 (size before relaxing)
 .debug_str     0x0000484d      0x372 Source/lib/freertos/queue.o
                                0x6de (size before relaxing)
 .debug_str     0x00004bbf      0x523 Source/lib/freertos/tasks.o
                                0x9b5 (size before relaxing)
 .debug_str     0x000050e2      0x130 Source/lib/frtcpp/frt_task.o
                                0x522 (size before relaxing)
 .debug_str     0x00005212       0xe2 Source/lib/frtcpp/frt_task_stackprt.o
                                0x44a (size before relaxing)
 .debug_str     0x000052f4      0x3fc Source/lib/frtcpp/frt_task_status.o
                                0x9c2 (size before relaxing)
 .debug_str     0x000056f0      0x12f Source/lib/frtcpp/frt_text_queue.o
                                0x434 (size before relaxing)
 .debug_str     0x0000581f       0x2b Source/lib/frtcpp/time_stamp_get_us.o
                                0x4fc (size before relaxing)
 .debug_str     0x0000584a       0x5f Source/lib/frtcpp/time_stamp_lshift.o
                                0x5c1 (size before relaxing)
 .debug_str     0x000058a9       0x2b Source/lib/frtcpp/time_stamp_to_now.o
                                0x7df (size before relaxing)
 .debug_str     0x000058d4       0x8a Source/lib/misc/hex_dump_memory.o
                                0x390 (size before relaxing)
 .debug_str     0x0000595e       0xc9 Source/lib/misc/mechutil.o
                                0x2cb (size before relaxing)
 .debug_str     0x00005a27      0x138 Source/lib/serial/base232.o
                                0x407 (size before relaxing)
 .debug_str     0x00005b5f      0x40e Source/lib/serial/emstream.o
                                0x7bb (size before relaxing)
 .debug_str     0x00005f6d       0x2a Source/lib/serial/emstream_pointer.o
                                0x2b4 (size before relaxing)
 .debug_str     0x00005f97       0x67 Source/lib/serial/emstream_uint16_t.o
                                0x299 (size before relaxing)
 .debug_str     0x00005ffe       0x42 Source/lib/serial/emstream_uint32_t.o
                                0x29c (size before relaxing)
 .debug_str     0x00006040       0x3a Source/lib/serial/emstream_uint8_t.o
                                0x286 (size before relaxing)
 .debug_str     0x0000607a      0x293 Source/lib/serial/rs232int.o
                                0x6cb (size before relaxing)
 .debug_str     0x0000630d      0xb7b Source/main.o
                               0x208b (size before relaxing)

.debug_loc      0x00000000     0x975b
 *(.debug_loc)
 .debug_loc     0x00000000      0x3b2 Source/I2CAgent.o
 .debug_loc     0x000003b2     0x1ed4 Source/I2CMaster.o
 .debug_loc     0x00002286     0x113a Source/MB1202.o
 .debug_loc     0x000033c0       0x65 Source/Packet.o
 .debug_loc     0x00003425      0x1d6 Source/task_sonar.o
 .debug_loc     0x000035fb      0x602 Source/task_user.o
 .debug_loc     0x00003bfd      0x2b1 Source/lib/freertos/heap_2.o
 .debug_loc     0x00003eae      0x136 Source/lib/freertos/list.o
 .debug_loc     0x00003fe4      0x29b Source/lib/freertos/port.o
 .debug_loc     0x0000427f      0xd6d Source/lib/freertos/queue.o
 .debug_loc     0x00004fec     0x1159 Source/lib/freertos/tasks.o
 .debug_loc     0x00006145      0x434 Source/lib/frtcpp/frt_task.o
 .debug_loc     0x00006579      0x240 Source/lib/frtcpp/frt_task_stackprt.o
 .debug_loc     0x000067b9      0x56e Source/lib/frtcpp/frt_task_status.o
 .debug_loc     0x00006d27      0x2fe Source/lib/frtcpp/frt_text_queue.o
 .debug_loc     0x00007025       0x63 Source/lib/frtcpp/time_stamp_get_us.o
 .debug_loc     0x00007088      0x19d Source/lib/frtcpp/time_stamp_lshift.o
 .debug_loc     0x00007225       0x67 Source/lib/frtcpp/time_stamp_to_now.o
 .debug_loc     0x0000728c      0x3e2 Source/lib/misc/hex_dump_memory.o
 .debug_loc     0x0000766e       0xe6 Source/lib/misc/mechutil.o
 .debug_loc     0x00007754      0x143 Source/lib/serial/base232.o
 .debug_loc     0x00007897      0x305 Source/lib/serial/emstream.o
 .debug_loc     0x00007b9c       0xb7 Source/lib/serial/emstream_pointer.o
 .debug_loc     0x00007c53      0x12f Source/lib/serial/emstream_uint16_t.o
 .debug_loc     0x00007d82      0x171 Source/lib/serial/emstream_uint32_t.o
 .debug_loc     0x00007ef3      0x1cf Source/lib/serial/emstream_uint8_t.o
 .debug_loc     0x000080c2      0x4f2 Source/lib/serial/rs232int.o
 .debug_loc     0x000085b4     0x11a7 Source/main.o

.debug_macinfo
 *(.debug_macinfo)

.debug_weaknames
 *(.debug_weaknames)

.debug_funcnames
 *(.debug_funcnames)

.debug_typenames
 *(.debug_typenames)

.debug_varnames
 *(.debug_varnames)

.debug_pubtypes
 *(.debug_pubtypes)

.debug_ranges   0x00000000      0x8f8
 *(.debug_ranges)
 .debug_ranges  0x00000000       0x68 Source/I2CAgent.o
 .debug_ranges  0x00000068      0x1a8 Source/I2CMaster.o
 .debug_ranges  0x00000210       0xd0 Source/MB1202.o
 .debug_ranges  0x000002e0       0x10 Source/Packet.o
 .debug_ranges  0x000002f0       0x18 Source/task_sonar.o
 .debug_ranges  0x00000308       0x28 Source/task_user.o
 .debug_ranges  0x00000330       0x28 Source/lib/freertos/heap_2.o
 .debug_ranges  0x00000358       0x30 Source/lib/freertos/list.o
 .debug_ranges  0x00000388       0x38 Source/lib/freertos/port.o
 .debug_ranges  0x000003c0       0x88 Source/lib/freertos/queue.o
 .debug_ranges  0x00000448      0x110 Source/lib/freertos/tasks.o
 .debug_ranges  0x00000558       0x30 Source/lib/frtcpp/frt_task.o
 .debug_ranges  0x00000588       0x18 Source/lib/frtcpp/frt_task_stackprt.o
 .debug_ranges  0x000005a0       0x28 Source/lib/frtcpp/frt_task_status.o
 .debug_ranges  0x000005c8       0x28 Source/lib/frtcpp/frt_text_queue.o
 .debug_ranges  0x000005f0       0x10 Source/lib/frtcpp/time_stamp_get_us.o
 .debug_ranges  0x00000600       0x10 Source/lib/frtcpp/time_stamp_lshift.o
 .debug_ranges  0x00000610       0x10 Source/lib/frtcpp/time_stamp_to_now.o
 .debug_ranges  0x00000620       0x10 Source/lib/misc/hex_dump_memory.o
 .debug_ranges  0x00000630       0x50 Source/lib/misc/mechutil.o
 .debug_ranges  0x00000680       0x20 Source/lib/serial/base232.o
 .debug_ranges  0x000006a0       0x68 Source/lib/serial/emstream.o
 .debug_ranges  0x00000708       0x10 Source/lib/serial/emstream_pointer.o
 .debug_ranges  0x00000718       0x10 Source/lib/serial/emstream_uint16_t.o
 .debug_ranges  0x00000728       0x10 Source/lib/serial/emstream_uint32_t.o
 .debug_ranges  0x00000738       0x10 Source/lib/serial/emstream_uint8_t.o
 .debug_ranges  0x00000748       0x70 Source/lib/serial/rs232int.o
 .debug_ranges  0x000007b8      0x140 Source/main.o

.debug_macro
 *(.debug_macro)
OUTPUT(FREERTOS_SHELL.elf elf32-avr)
LOAD linker stubs
